Archive member included to satisfy reference by file (symbol)

c:/st/stm32cubeide_1.7.0/stm32cubeide/plugins/com.st.stm32cube.ide.mcu.externaltools.gnu-tools-for-stm32.9-2020-q2-update.win32_2.0.0.202105311346/tools/bin/../lib/gcc/arm-none-eabi/9.3.1/../../../../arm-none-eabi/lib/thumb/v7e-m+fp/hard\libc_nano.a(lib_a-errno.o)
                              ./Core/Src/syscalls.o (__errno)
c:/st/stm32cubeide_1.7.0/stm32cubeide/plugins/com.st.stm32cube.ide.mcu.externaltools.gnu-tools-for-stm32.9-2020-q2-update.win32_2.0.0.202105311346/tools/bin/../lib/gcc/arm-none-eabi/9.3.1/../../../../arm-none-eabi/lib/thumb/v7e-m+fp/hard\libc_nano.a(lib_a-exit.o)
                              c:/st/stm32cubeide_1.7.0/stm32cubeide/plugins/com.st.stm32cube.ide.mcu.externaltools.gnu-tools-for-stm32.9-2020-q2-update.win32_2.0.0.202105311346/tools/bin/../lib/gcc/arm-none-eabi/9.3.1/../../../../arm-none-eabi/lib/thumb/v7e-m+fp/hard/crt0.o (exit)
c:/st/stm32cubeide_1.7.0/stm32cubeide/plugins/com.st.stm32cube.ide.mcu.externaltools.gnu-tools-for-stm32.9-2020-q2-update.win32_2.0.0.202105311346/tools/bin/../lib/gcc/arm-none-eabi/9.3.1/../../../../arm-none-eabi/lib/thumb/v7e-m+fp/hard\libc_nano.a(lib_a-impure.o)
                              c:/st/stm32cubeide_1.7.0/stm32cubeide/plugins/com.st.stm32cube.ide.mcu.externaltools.gnu-tools-for-stm32.9-2020-q2-update.win32_2.0.0.202105311346/tools/bin/../lib/gcc/arm-none-eabi/9.3.1/../../../../arm-none-eabi/lib/thumb/v7e-m+fp/hard\libc_nano.a(lib_a-exit.o) (_global_impure_ptr)
c:/st/stm32cubeide_1.7.0/stm32cubeide/plugins/com.st.stm32cube.ide.mcu.externaltools.gnu-tools-for-stm32.9-2020-q2-update.win32_2.0.0.202105311346/tools/bin/../lib/gcc/arm-none-eabi/9.3.1/../../../../arm-none-eabi/lib/thumb/v7e-m+fp/hard\libc_nano.a(lib_a-init.o)
                              c:/st/stm32cubeide_1.7.0/stm32cubeide/plugins/com.st.stm32cube.ide.mcu.externaltools.gnu-tools-for-stm32.9-2020-q2-update.win32_2.0.0.202105311346/tools/bin/../lib/gcc/arm-none-eabi/9.3.1/../../../../arm-none-eabi/lib/thumb/v7e-m+fp/hard/crt0.o (__libc_init_array)
c:/st/stm32cubeide_1.7.0/stm32cubeide/plugins/com.st.stm32cube.ide.mcu.externaltools.gnu-tools-for-stm32.9-2020-q2-update.win32_2.0.0.202105311346/tools/bin/../lib/gcc/arm-none-eabi/9.3.1/../../../../arm-none-eabi/lib/thumb/v7e-m+fp/hard\libc_nano.a(lib_a-memcmp.o)
                              ./Core/Src/flash.o (memcmp)
c:/st/stm32cubeide_1.7.0/stm32cubeide/plugins/com.st.stm32cube.ide.mcu.externaltools.gnu-tools-for-stm32.9-2020-q2-update.win32_2.0.0.202105311346/tools/bin/../lib/gcc/arm-none-eabi/9.3.1/../../../../arm-none-eabi/lib/thumb/v7e-m+fp/hard\libc_nano.a(lib_a-memcpy-stub.o)
                              ./Core/Inc/Shared_Libraries/SX1278.o (memcpy)
c:/st/stm32cubeide_1.7.0/stm32cubeide/plugins/com.st.stm32cube.ide.mcu.externaltools.gnu-tools-for-stm32.9-2020-q2-update.win32_2.0.0.202105311346/tools/bin/../lib/gcc/arm-none-eabi/9.3.1/../../../../arm-none-eabi/lib/thumb/v7e-m+fp/hard\libc_nano.a(lib_a-memset.o)
                              c:/st/stm32cubeide_1.7.0/stm32cubeide/plugins/com.st.stm32cube.ide.mcu.externaltools.gnu-tools-for-stm32.9-2020-q2-update.win32_2.0.0.202105311346/tools/bin/../lib/gcc/arm-none-eabi/9.3.1/../../../../arm-none-eabi/lib/thumb/v7e-m+fp/hard/crt0.o (memset)
c:/st/stm32cubeide_1.7.0/stm32cubeide/plugins/com.st.stm32cube.ide.mcu.externaltools.gnu-tools-for-stm32.9-2020-q2-update.win32_2.0.0.202105311346/tools/bin/../lib/gcc/arm-none-eabi/9.3.1/../../../../arm-none-eabi/lib/thumb/v7e-m+fp/hard\libc_nano.a(lib_a-puts.o)
                              ./Core/Src/main.o (puts)
c:/st/stm32cubeide_1.7.0/stm32cubeide/plugins/com.st.stm32cube.ide.mcu.externaltools.gnu-tools-for-stm32.9-2020-q2-update.win32_2.0.0.202105311346/tools/bin/../lib/gcc/arm-none-eabi/9.3.1/../../../../arm-none-eabi/lib/thumb/v7e-m+fp/hard\libc_nano.a(lib_a-strlen.o)
                              ./Core/Src/RTT/SEGGER_RTT.o (strlen)
c:/st/stm32cubeide_1.7.0/stm32cubeide/plugins/com.st.stm32cube.ide.mcu.externaltools.gnu-tools-for-stm32.9-2020-q2-update.win32_2.0.0.202105311346/tools/bin/../lib/gcc/arm-none-eabi/9.3.1/../../../../arm-none-eabi/lib/thumb/v7e-m+fp/hard\libc_nano.a(lib_a-wbuf.o)
                              c:/st/stm32cubeide_1.7.0/stm32cubeide/plugins/com.st.stm32cube.ide.mcu.externaltools.gnu-tools-for-stm32.9-2020-q2-update.win32_2.0.0.202105311346/tools/bin/../lib/gcc/arm-none-eabi/9.3.1/../../../../arm-none-eabi/lib/thumb/v7e-m+fp/hard\libc_nano.a(lib_a-puts.o) (__swbuf_r)
c:/st/stm32cubeide_1.7.0/stm32cubeide/plugins/com.st.stm32cube.ide.mcu.externaltools.gnu-tools-for-stm32.9-2020-q2-update.win32_2.0.0.202105311346/tools/bin/../lib/gcc/arm-none-eabi/9.3.1/../../../../arm-none-eabi/lib/thumb/v7e-m+fp/hard\libc_nano.a(lib_a-wsetup.o)
[...]
Memory Configuration

Name             Origin             Length             Attributes
RAM              0x0000000020000000 0x0000000000028000 xrw
FLASH            0x0000000008000000 0x000000000001f000 xr
APP              0x000000000801f000 0x0000000000061000 xr
*default*        0x0000000000000000 0xffffffffffffffff

Linker script and memory map

LOAD c:/st/stm32cubeide_1.7.0/stm32cubeide/plugins/com.st.stm32cube.ide.mcu.externaltools.gnu-tools-for-stm32.9-2020-q2-update.win32_2.0.0.202105311346/tools/bin/../lib/gcc/arm-none-eabi/9.3.1/thumb/v7e-m+fp/hard/crti.o
LOAD c:/st/stm32cubeide_1.7.0/stm32cubeide/plugins/com.st.stm32cube.ide.mcu.externaltools.gnu-tools-for-stm32.9-2020-q2-update.win32_2.0.0.202105311346/tools/bin/../lib/gcc/arm-none-eabi/9.3.1/thumb/v7e-m+fp/hard/crtbegin.o
LOAD c:/st/stm32cubeide_1.7.0/stm32cubeide/plugins/com.st.stm32cube.ide.mcu.externaltools.gnu-tools-for-stm32.9-2020-q2-update.win32_2.0.0.202105311346/tools/bin/../lib/gcc/arm-none-eabi/9.3.1/../../../../arm-none-eabi/lib/thumb/v7e-m+fp/hard/crt0.o
LOAD ./Core/Inc/Shared_Libraries/SX1278.o
LOAD ./Core/Inc/Shared_Libraries/aes.o
LOAD ./Core/Src/RTT/SEGGER_RTT.o
LOAD ./Core/Src/RTT/SEGGER_RTT_ASM_ARMv7M.o
LOAD ./Core/Src/RTT/SEGGER_RTT_Syscalls_GCC.o
LOAD ./Core/Src/RTT/SEGGER_RTT_Syscalls_IAR.o
LOAD ./Core/Src/RTT/SEGGER_RTT_Syscalls_KEIL.o
LOAD ./Core/Src/RTT/SEGGER_RTT_Syscalls_SES.o
LOAD ./Core/Src/RTT/SEGGER_RTT_printf.o
LOAD ./Core/Src/dma.o
LOAD ./Core/Src/flash.o
LOAD ./Core/Src/gpio.o
LOAD ./Core/Src/main.o
LOAD ./Core/Src/spi.o
LOAD ./Core/Src/stm32l4xx_hal_msp.o
LOAD ./Core/Src/stm32l4xx_it.o
LOAD ./Core/Src/syscalls.o
LOAD ./Core/Src/sysmem.o
LOAD ./Core/Src/system_stm32l4xx.o
LOAD ./Core/Src/usart.o
LOAD ./Core/Startup/startup_stm32l452retx.o
LOAD ./Drivers/STM32L4xx_HAL_Driver/Src/stm32l4xx_hal.o
LOAD ./Drivers/STM32L4xx_HAL_Driver/Src/stm32l4xx_hal_cortex.o
LOAD ./Drivers/STM32L4xx_HAL_Driver/Src/stm32l4xx_hal_dma.o
LOAD ./Drivers/STM32L4xx_HAL_Driver/Src/stm32l4xx_hal_dma_ex.o
LOAD ./Drivers/STM32L4xx_HAL_Driver/Src/stm32l4xx_hal_exti.o
LOAD ./Drivers/STM32L4xx_HAL_Driver/Src/stm32l4xx_hal_flash.o
LOAD ./Drivers/STM32L4xx_HAL_Driver/Src/stm32l4xx_hal_flash_ex.o
LOAD ./Drivers/STM32L4xx_HAL_Driver/Src/stm32l4xx_hal_flash_ramfunc.o
LOAD ./Drivers/STM32L4xx_HAL_Driver/Src/stm32l4xx_hal_gpio.o
LOAD ./Drivers/STM32L4xx_HAL_Driver/Src/stm32l4xx_hal_i2c.o
LOAD ./Drivers/STM32L4xx_HAL_Driver/Src/stm32l4xx_hal_i2c_ex.o
LOAD ./Drivers/STM32L4xx_HAL_Driver/Src/stm32l4xx_hal_pwr.o
LOAD ./Drivers/STM32L4xx_HAL_Driver/Src/stm32l4xx_hal_pwr_ex.o
LOAD ./Drivers/STM32L4xx_HAL_Driver/Src/stm32l4xx_hal_rcc.o
LOAD ./Drivers/STM32L4xx_HAL_Driver/Src/stm32l4xx_hal_rcc_ex.o
LOAD ./Drivers/STM32L4xx_HAL_Driver/Src/stm32l4xx_hal_spi.o
LOAD ./Drivers/STM32L4xx_HAL_Driver/Src/stm32l4xx_hal_spi_ex.o
LOAD ./Drivers/STM32L4xx_HAL_Driver/Src/stm32l4xx_hal_tim.o
LOAD ./Drivers/STM32L4xx_HAL_Driver/Src/stm32l4xx_hal_tim_ex.o
LOAD ./Drivers/STM32L4xx_HAL_Driver/Src/stm32l4xx_hal_uart.o
LOAD ./Drivers/STM32L4xx_HAL_Driver/Src/stm32l4xx_hal_uart_ex.o
START GROUP
LOAD c:/st/stm32cubeide_1.7.0/stm32cubeide/plugins/com.st.stm32cube.ide.mcu.externaltools.gnu-tools-for-stm32.9-2020-q2-update.win32_2.0.0.202105311346/tools/bin/../lib/gcc/arm-none-eabi/9.3.1/../../../../arm-none-eabi/lib/thumb/v7e-m+fp/hard\libc_nano.a
LOAD c:/st/stm32cubeide_1.7.0/stm32cubeide/plugins/com.st.stm32cube.ide.mcu.externaltools.gnu-tools-for-stm32.9-2020-q2-update.win32_2.0.0.202105311346/tools/bin/../lib/gcc/arm-none-eabi/9.3.1/../../../../arm-none-eabi/lib/thumb/v7e-m+fp/hard\libm.a
END GROUP
START GROUP
LOAD c:/st/stm32cubeide_1.7.0/stm32cubeide/plugins/com.st.stm32cube.ide.mcu.externaltools.gnu-tools-for-stm32.9-2020-q2-update.win32_2.0.0.202105311346/tools/bin/../lib/gcc/arm-none-eabi/9.3.1/thumb/v7e-m+fp/hard\libgcc.a
LOAD c:/st/stm32cubeide_1.7.0/stm32cubeide/plugins/com.st.stm32cube.ide.mcu.externaltools.gnu-tools-for-stm32.9-2020-q2-update.win32_2.0.0.202105311346/tools/bin/../lib/gcc/arm-none-eabi/9.3.1/../../../../arm-none-eabi/lib/thumb/v7e-m+fp/hard\libc_nano.a
END GROUP
START GROUP
LOAD c:/st/stm32cubeide_1.7.0/stm32cubeide/plugins/com.st.stm32cube.ide.mcu.externaltools.gnu-tools-for-stm32.9-2020-q2-update.win32_2.0.0.202105311346/tools/bin/../lib/gcc/arm-none-eabi/9.3.1/thumb/v7e-m+fp/hard\libgcc.a
LOAD c:/st/stm32cubeide_1.7.0/stm32cubeide/plugins/com.st.stm32cube.ide.mcu.externaltools.gnu-tools-for-stm32.9-2020-q2-update.win32_2.0.0.202105311346/tools/bin/../lib/gcc/arm-none-eabi/9.3.1/../../../../arm-none-eabi/lib/thumb/v7e-m+fp/hard\libc_nano.a
LOAD c:/st/stm32cubeide_1.7.0/stm32cubeide/plugins/com.st.stm32cube.ide.mcu.externaltools.gnu-tools-for-stm32.9-2020-q2-update.win32_2.0.0.202105311346/tools/bin/../lib/gcc/arm-none-eabi/9.3.1/../../../../arm-none-eabi/lib/thumb/v7e-m+fp/hard\libnosys.a
END GROUP
START GROUP
LOAD c:/st/stm32cubeide_1.7.0/stm32cubeide/plugins/com.st.stm32cube.ide.mcu.externaltools.gnu-tools-for-stm32.9-2020-q2-update.win32_2.0.0.202105311346/tools/bin/../lib/gcc/arm-none-eabi/9.3.1/thumb/v7e-m+fp/hard\libgcc.a
LOAD c:/st/stm32cubeide_1.7.0/stm32cubeide/plugins/com.st.stm32cube.ide.mcu.externaltools.gnu-tools-for-stm32.9-2020-q2-update.win32_2.0.0.202105311346/tools/bin/../lib/gcc/arm-none-eabi/9.3.1/../../../../arm-none-eabi/lib/thumb/v7e-m+fp/hard\libc_nano.a
LOAD c:/st/stm32cubeide_1.7.0/stm32cubeide/plugins/com.st.stm32cube.ide.mcu.externaltools.gnu-tools-for-stm32.9-2020-q2-update.win32_2.0.0.202105311346/tools/bin/../lib/gcc/arm-none-eabi/9.3.1/../../../../arm-none-eabi/lib/thumb/v7e-m+fp/hard\libnosys.a
END GROUP
LOAD c:/st/stm32cubeide_1.7.0/stm32cubeide/plugins/com.st.stm32cube.ide.mcu.externaltools.gnu-tools-for-stm32.9-2020-q2-update.win32_2.0.0.202105311346/tools/bin/../lib/gcc/arm-none-eabi/9.3.1/thumb/v7e-m+fp/hard/crtend.o
LOAD c:/st/stm32cubeide_1.7.0/stm32cubeide/plugins/com.st.stm32cube.ide.mcu.externaltools.gnu-tools-for-stm32.9-2020-q2-update.win32_2.0.0.202105311346/tools/bin/../lib/gcc/arm-none-eabi/9.3.1/thumb/v7e-m+fp/hard/crtn.o
                0x0000000020028000                _estack = (ORIGIN (RAM) + LENGTH (RAM))
                0x0000000000000400                _Min_Heap_Size = 0x400
                0x0000000000000800                _Min_Stack_Size = 0x800

.isr_vector     0x0000000008000000      0x194
                0x0000000008000000                . = ALIGN (0x4)
 *(.isr_vector)
 .isr_vector    0x0000000008000000      0x194 ./Core/Startup/startup_stm32l452retx.o
                0x0000000008000000                g_pfnVectors
                0x0000000008000194                . = ALIGN (0x4)

.text           0x0000000008000194     0xa370
                0x0000000008000194                . = ALIGN (0x4)
 *(.text)
 .text          0x0000000008000194       0x40 c:/st/stm32cubeide_1.7.0/stm32cubeide/plugins/com.st.stm32cube.ide.mcu.externaltools.gnu-tools-for-stm32.9-2020-q2-update.win32_2.0.0.202105311346/tools/bin/../lib/gcc/arm-none-eabi/9.3.1/thumb/v7e-m+fp/hard/crtbegin.o
 .text          0x00000000080001d4       0x30 c:/st/stm32cubeide_1.7.0/stm32cubeide/plugins/com.st.stm32cube.ide.mcu.externaltools.gnu-tools-for-stm32.9-2020-q2-update.win32_2.0.0.202105311346/tools/bin/../lib/gcc/arm-none-eabi/9.3.1/thumb/v7e-m+fp/hard\libgcc.a(_aeabi_uldivmod.o)
                0x00000000080001d4                __aeabi_uldivmod
 .text          0x0000000008000204      0x2c4 c:/st/stm32cubeide_1.7.0/stm32cubeide/plugins/com.st.stm32cube.ide.mcu.externaltools.gnu-tools-for-stm32.9-2020-q2-update.win32_2.0.0.202105311346/tools/bin/../lib/gcc/arm-none-eabi/9.3.1/thumb/v7e-m+fp/hard\libgcc.a(_udivmoddi4.o)
                0x0000000008000204                __udivmoddi4
 .text          0x00000000080004c8        0x4 c:/st/stm32cubeide_1.7.0/stm32cubeide/plugins/com.st.stm32cube.ide.mcu.externaltools.gnu-tools-for-stm32.9-2020-q2-update.win32_2.0.0.202105311346/tools/bin/../lib/gcc/arm-none-eabi/9.3.1/thumb/v7e-m+fp/hard\libgcc.a(_dvmd_tls.o)
                0x00000000080004c8                __aeabi_idiv0
                0x00000000080004c8                __aeabi_ldiv0
 *(.text*)
 .text.LoRa_TxPacket
                0x00000000080004cc      0x2a0 ./Core/Inc/Shared_Libraries/SX1278.o
                0x00000000080004cc                LoRa_TxPacket
 .text.get_LoRa_Status_DIO
                0x000000000800076c       0x4c ./Core/Inc/Shared_Libraries/SX1278.o
                0x000000000800076c                get_LoRa_Status_DIO
 .text.tx_finished
                0x00000000080007b8       0x30 ./Core/Inc/Shared_Libraries/SX1278.o
                0x00000000080007b8                tx_finished
 .text.rx_finished
                0x00000000080007e8       0xc0 ./Core/Inc/Shared_Libraries/SX1278.o
                0x00000000080007e8                rx_finished
 .text.check_routing
                0x00000000080008a8       0xe4 ./Core/Inc/Shared_Libraries/SX1278.o
                0x00000000080008a8                check_routing
 .text.set_tx_flag
                0x000000000800098c       0x84 ./Core/Inc/Shared_Libraries/SX1278.o
                0x000000000800098c                set_tx_flag
 .text.LoRa_standby
                0x0000000008000a10       0x28 ./Core/Inc/Shared_Libraries/SX1278.o
                0x0000000008000a10                LoRa_standby
 .text.LoRa_sleep
                0x0000000008000a38       0x28 ./Core/Inc/Shared_Libraries/SX1278.o
                0x0000000008000a38                LoRa_sleep
 .text.LoRa_clearIrq
                0x0000000008000a60       0x1e ./Core/Inc/Shared_Libraries/SX1278.o
                0x0000000008000a60                LoRa_clearIrq
 *fill*         0x0000000008000a7e        0x2 
 .text.LoRa_config
                0x0000000008000a80      0x31c ./Core/Inc/Shared_Libraries/SX1278.o
                0x0000000008000a80                LoRa_config
 .text.LoRa_EntryTx
                0x0000000008000d9c       0x90 ./Core/Inc/Shared_Libraries/SX1278.o
                0x0000000008000d9c                LoRa_EntryTx
 .text.LoRa_EntryRx
                0x0000000008000e2c       0xa8 ./Core/Inc/Shared_Libraries/SX1278.o
                0x0000000008000e2c                LoRa_EntryRx
 .text.getSBoxValue
                0x0000000008000ed4       0x20 ./Core/Inc/Shared_Libraries/aes.o
                0x0000000008000ed4                getSBoxValue
 .text.getSBoxInvert
                0x0000000008000ef4       0x20 ./Core/Inc/Shared_Libraries/aes.o
                0x0000000008000ef4                getSBoxInvert
 .text.KeyExpansion
                0x0000000008000f14      0x218 ./Core/Inc/Shared_Libraries/aes.o
                0x0000000008000f14                KeyExpansion
 .text.AddRoundKey
                0x000000000800112c       0x78 ./Core/Inc/Shared_Libraries/aes.o
                0x000000000800112c                AddRoundKey
 .text.SubBytes
                0x00000000080011a4       0x60 ./Core/Inc/Shared_Libraries/aes.o
                0x00000000080011a4                SubBytes
 .text.ShiftRows
                0x0000000008001204       0x88 ./Core/Inc/Shared_Libraries/aes.o
                0x0000000008001204                ShiftRows
 .text.MixColumns
                0x000000000800128c      0x1dc ./Core/Inc/Shared_Libraries/aes.o
                0x000000000800128c                MixColumns
 .text.Cipher   0x0000000008001468       0xe4 ./Core/Inc/Shared_Libraries/aes.o
                0x0000000008001468                Cipher
 .text.InvSubBytes
                0x000000000800154c       0x60 ./Core/Inc/Shared_Libraries/aes.o
                0x000000000800154c                InvSubBytes
 .text.InvShiftRows
                0x00000000080015ac       0x88 ./Core/Inc/Shared_Libraries/aes.o
                0x00000000080015ac                InvShiftRows
 .text.InvMixColumns
                0x0000000008001634     0x10cc ./Core/Inc/Shared_Libraries/aes.o
                0x0000000008001634                InvMixColumns
 .text.InvCipher
                0x0000000008002700       0xe4 ./Core/Inc/Shared_Libraries/aes.o
                0x0000000008002700                InvCipher
 .text.encryptData
                0x00000000080027e4       0x80 ./Core/Inc/Shared_Libraries/aes.o
                0x00000000080027e4                encryptData
 .text.decryptData
                0x0000000008002864       0x70 ./Core/Inc/Shared_Libraries/aes.o
                0x0000000008002864                decryptData
 .text._DoInit  0x00000000080028d4       0xb0 ./Core/Src/RTT/SEGGER_RTT.o
 .text._WriteBlocking
                0x0000000008002984       0xba ./Core/Src/RTT/SEGGER_RTT.o
 .text._WriteNoCheck
                0x0000000008002a3e       0x90 ./Core/Src/RTT/SEGGER_RTT.o
 .text._GetAvailWriteSpace
                0x0000000008002ace       0x46 ./Core/Src/RTT/SEGGER_RTT.o
 .text.SEGGER_RTT_WriteNoLock
                0x0000000008002b14       0xa0 ./Core/Src/RTT/SEGGER_RTT.o
                0x0000000008002b14                SEGGER_RTT_WriteNoLock
 .text.SEGGER_RTT_Write
                0x0000000008002bb4       0x4c ./Core/Src/RTT/SEGGER_RTT.o
                0x0000000008002bb4                SEGGER_RTT_Write
 .text.SEGGER_RTT_ConfigUpBuffer
                0x0000000008002c00       0x94 ./Core/Src/RTT/SEGGER_RTT.o
                0x0000000008002c00                SEGGER_RTT_ConfigUpBuffer
 .text._write_r
                0x0000000008002c94       0x22 ./Core/Src/RTT/SEGGER_RTT_Syscalls_GCC.o
                0x0000000008002c94                _write_r
 .text._StoreChar
                0x0000000008002cb6       0x7c ./Core/Src/RTT/SEGGER_RTT_printf.o
                0x0000000008002cb6                _StoreChar
 *fill*         0x0000000008002d32        0x2 
 .text._PrintUnsigned
                0x0000000008002d34      0x158 ./Core/Src/RTT/SEGGER_RTT_printf.o
                0x0000000008002d34                _PrintUnsigned
 .text._PrintInt
                0x0000000008002e8c      0x14e ./Core/Src/RTT/SEGGER_RTT_printf.o
                0x0000000008002e8c                _PrintInt
 *fill*         0x0000000008002fda        0x2 
 .text.SEGGER_RTT_vprintf
                0x0000000008002fdc      0x3a8 ./Core/Src/RTT/SEGGER_RTT_printf.o
                0x0000000008002fdc                SEGGER_RTT_vprintf
 .text.SEGGER_RTT_printf
                0x0000000008003384       0x30 ./Core/Src/RTT/SEGGER_RTT_printf.o
                0x0000000008003384                SEGGER_RTT_printf
 .text.MX_DMA_Init
                0x00000000080033b4       0x74 ./Core/Src/dma.o
                0x00000000080033b4                MX_DMA_Init
 .text.read_SN  0x0000000008003428       0x34 ./Core/Src/flash.o
                0x0000000008003428                read_SN
 .text.flash_read_boot
                0x000000000800345c       0x4c ./Core/Src/flash.o
                0x000000000800345c                flash_read_boot
 .text.ModBus_SendInt
                0x00000000080034a8       0x48 ./Core/Src/flash.o
                0x00000000080034a8                ModBus_SendInt
 .text.flash_erase
                0x00000000080034f0       0x98 ./Core/Src/flash.o
                0x00000000080034f0                flash_erase
 .text.flash_write_boot
                0x0000000008003588      0x110 ./Core/Src/flash.o
                0x0000000008003588                flash_write_boot
 .text.flash_checksum
                0x0000000008003698       0x5c ./Core/Src/flash.o
                0x0000000008003698                flash_checksum
 .text.read_SysVars
                0x00000000080036f4       0xcc ./Core/Src/flash.o
                0x00000000080036f4                read_SysVars
 .text.write_SysVars
                0x00000000080037c0      0x100 ./Core/Src/flash.o
                0x00000000080037c0                write_SysVars
 .text.MX_GPIO_Init
                0x00000000080038c0      0x18c ./Core/Src/gpio.o
                0x00000000080038c0                MX_GPIO_Init
 .text.set_LED  0x0000000008003a4c      0x1f0 ./Core/Src/gpio.o
                0x0000000008003a4c                set_LED
 .text.SysTick_Handler
                0x0000000008003c3c       0x24 ./Core/Src/main.o
                0x0000000008003c3c                SysTick_Handler
 .text.go2APP   0x0000000008003c60       0x6c ./Core/Src/main.o
                0x0000000008003c60                go2APP
 .text.main     0x0000000008003ccc      0x360 ./Core/Src/main.o
                0x0000000008003ccc                main
 .text.SystemClock_Config
                0x000000000800402c       0xc4 ./Core/Src/main.o
                0x000000000800402c                SystemClock_Config
 .text.modbus_cmd
                0x00000000080040f0      0x530 ./Core/Src/main.o
                0x00000000080040f0                modbus_cmd
 .text.modbus_crc
                0x0000000008004620       0xd8 ./Core/Src/main.o
                0x0000000008004620                modbus_crc
 .text.Error_Handler
                0x00000000080046f8        0xa ./Core/Src/main.o
                0x00000000080046f8                Error_Handler
 *fill*         0x0000000008004702        0x2 
 .text.MX_SPI3_Init
                0x0000000008004704       0x7c ./Core/Src/spi.o
                0x0000000008004704                MX_SPI3_Init
 .text.HAL_SPI_MspInit
                0x0000000008004780      0x15c ./Core/Src/spi.o
                0x0000000008004780                HAL_SPI_MspInit
 .text.LoRa_SPIWrite
                0x00000000080048dc       0x9c ./Core/Src/spi.o
                0x00000000080048dc                LoRa_SPIWrite
 .text.LoRa_SPIRead
                0x0000000008004978       0xbc ./Core/Src/spi.o
                0x0000000008004978                LoRa_SPIRead
 .text.HAL_SPI_TxCpltCallback
                0x0000000008004a34       0x34 ./Core/Src/spi.o
                0x0000000008004a34                HAL_SPI_TxCpltCallback
 .text.HAL_SPI_TxRxCpltCallback
                0x0000000008004a68       0x34 ./Core/Src/spi.o
                0x0000000008004a68                HAL_SPI_TxRxCpltCallback
 .text.HAL_SPI_ErrorCallback
                0x0000000008004a9c       0x14 ./Core/Src/spi.o
                0x0000000008004a9c                HAL_SPI_ErrorCallback
 .text.LoRa_reset
                0x0000000008004ab0       0x30 ./Core/Src/spi.o
                0x0000000008004ab0                LoRa_reset
 .text.HAL_MspInit
                0x0000000008004ae0       0x48 ./Core/Src/stm32l4xx_hal_msp.o
                0x0000000008004ae0                HAL_MspInit
 .text.DMA1_Channel7_IRQHandler
                0x0000000008004b28       0x14 ./Core/Src/stm32l4xx_it.o
                0x0000000008004b28                DMA1_Channel7_IRQHandler
 .text.DMA2_Channel1_IRQHandler
                0x0000000008004b3c       0x14 ./Core/Src/stm32l4xx_it.o
                0x0000000008004b3c                DMA2_Channel1_IRQHandler
 .text.DMA2_Channel2_IRQHandler
                0x0000000008004b50       0x14 ./Core/Src/stm32l4xx_it.o
                0x0000000008004b50                DMA2_Channel2_IRQHandler
 .text.USART2_IRQHandler
                0x0000000008004b64       0x48 ./Core/Src/stm32l4xx_it.o
                0x0000000008004b64                USART2_IRQHandler
 .text._read    0x0000000008004bac       0x3a ./Core/Src/syscalls.o
                0x0000000008004bac                _read
 .text._close   0x0000000008004be6       0x18 ./Core/Src/syscalls.o
                0x0000000008004be6                _close
 .text._fstat   0x0000000008004bfe       0x20 ./Core/Src/syscalls.o
                0x0000000008004bfe                _fstat
 .text._isatty  0x0000000008004c1e       0x16 ./Core/Src/syscalls.o
                0x0000000008004c1e                _isatty
 .text._lseek   0x0000000008004c34       0x1a ./Core/Src/syscalls.o
                0x0000000008004c34                _lseek
 *fill*         0x0000000008004c4e        0x2 
 .text._sbrk    0x0000000008004c50       0x6c ./Core/Src/sysmem.o
                0x0000000008004c50                _sbrk
 .text.SystemInit
                0x0000000008004cbc       0x64 ./Core/Src/system_stm32l4xx.o
                0x0000000008004cbc                SystemInit
 .text.MX_USART2_UART_Init
                0x0000000008004d20      0x120 ./Core/Src/usart.o
                0x0000000008004d20                MX_USART2_UART_Init
 .text.MX_USART3_UART_Init
                0x0000000008004e40       0x60 ./Core/Src/usart.o
                0x0000000008004e40                MX_USART3_UART_Init
 .text.HAL_UART_MspInit
                0x0000000008004ea0      0x280 ./Core/Src/usart.o
                0x0000000008004ea0                HAL_UART_MspInit
 .text.HAL_UART_TxHalfCpltCallback
                0x0000000008005120       0x20 ./Core/Src/usart.o
                0x0000000008005120                HAL_UART_TxHalfCpltCallback
 .text.HAL_UART_RxCpltCallback
                0x0000000008005140       0x6c ./Core/Src/usart.o
                0x0000000008005140                HAL_UART_RxCpltCallback
 .text.HAL_UART_ErrorCallback
                0x00000000080051ac       0x14 ./Core/Src/usart.o
                0x00000000080051ac                HAL_UART_ErrorCallback
 .text.UARTSend
                0x00000000080051c0       0x34 ./Core/Src/usart.o
                0x00000000080051c0                UARTSend
 .text.modbus_newRequest
                0x00000000080051f4       0x58 ./Core/Src/usart.o
                0x00000000080051f4                modbus_newRequest
 .text.modbus_ReqProcessed
                0x000000000800524c       0x60 ./Core/Src/usart.o
                0x000000000800524c                modbus_ReqProcessed
 .text.reEnable_485_DMA_RX
                0x00000000080052ac       0x58 ./Core/Src/usart.o
                0x00000000080052ac                reEnable_485_DMA_RX
 .text.modbus_ReqProcessed1
                0x0000000008005304       0x2c ./Core/Src/usart.o
                0x0000000008005304                modbus_ReqProcessed1
 .text.Reset_Handler
                0x0000000008005330       0x50 ./Core/Startup/startup_stm32l452retx.o
                0x0000000008005330                Reset_Handler
 .text.Default_Handler
                0x0000000008005380        0x2 ./Core/Startup/startup_stm32l452retx.o
                0x0000000008005380                RTC_Alarm_IRQHandler
                0x0000000008005380                EXTI2_IRQHandler
                0x0000000008005380                DebugMon_Handler
                0x0000000008005380                TIM1_CC_IRQHandler
                0x0000000008005380                TSC_IRQHandler
                0x0000000008005380                HardFault_Handler
                0x0000000008005380                TAMP_STAMP_IRQHandler
                0x0000000008005380                PendSV_Handler
                0x0000000008005380                NMI_Handler
                0x0000000008005380                EXTI3_IRQHandler
                0x0000000008005380                LPTIM2_IRQHandler
                0x0000000008005380                DFSDM1_FLT1_IRQHandler
                0x0000000008005380                I2C3_ER_IRQHandler
                0x0000000008005380                EXTI0_IRQHandler
                0x0000000008005380                I2C2_EV_IRQHandler
                0x0000000008005380                CAN1_RX0_IRQHandler
                0x0000000008005380                FPU_IRQHandler
                0x0000000008005380                TIM1_UP_TIM16_IRQHandler
                0x0000000008005380                UsageFault_Handler
                0x0000000008005380                SPI1_IRQHandler
                0x0000000008005380                TIM6_DAC_IRQHandler
                0x0000000008005380                DMA1_Channel4_IRQHandler
                0x0000000008005380                ADC1_IRQHandler
                0x0000000008005380                USART3_IRQHandler
                0x0000000008005380                CAN1_RX1_IRQHandler
                0x0000000008005380                QUADSPI_IRQHandler
                0x0000000008005380                I2C1_EV_IRQHandler
                0x0000000008005380                DMA1_Channel6_IRQHandler
                0x0000000008005380                UART4_IRQHandler
                0x0000000008005380                DMA2_Channel4_IRQHandler
                0x0000000008005380                TIM3_IRQHandler
                0x0000000008005380                RCC_IRQHandler
                0x0000000008005380                TIM1_TRG_COM_IRQHandler
                0x0000000008005380                DMA1_Channel1_IRQHandler
                0x0000000008005380                Default_Handler
                0x0000000008005380                DMA2_Channel7_IRQHandler
                0x0000000008005380                EXTI15_10_IRQHandler
                0x0000000008005380                SDMMC1_IRQHandler
                0x0000000008005380                I2C3_EV_IRQHandler
                0x0000000008005380                USB_IRQHandler
                0x0000000008005380                EXTI9_5_IRQHandler
                0x0000000008005380                RTC_WKUP_IRQHandler
                0x0000000008005380                PVD_PVM_IRQHandler
                0x0000000008005380                SPI2_IRQHandler
                0x0000000008005380                MemManage_Handler
                0x0000000008005380                CAN1_TX_IRQHandler
                0x0000000008005380                SVC_Handler
                0x0000000008005380                DMA2_Channel5_IRQHandler
                0x0000000008005380                CRS_IRQHandler
                0x0000000008005380                DMA1_Channel5_IRQHandler
                0x0000000008005380                EXTI4_IRQHandler
                0x0000000008005380                RNG_IRQHandler
                0x0000000008005380                DMA1_Channel3_IRQHandler
                0x0000000008005380                COMP_IRQHandler
                0x0000000008005380                WWDG_IRQHandler
                0x0000000008005380                I2C4_EV_IRQHandler
                0x0000000008005380                LPUART1_IRQHandler
                0x0000000008005380                DMA2_Channel6_IRQHandler
                0x0000000008005380                TIM2_IRQHandler
                0x0000000008005380                EXTI1_IRQHandler
                0x0000000008005380                DFSDM1_FLT0_IRQHandler
                0x0000000008005380                I2C2_ER_IRQHandler
                0x0000000008005380                DMA1_Channel2_IRQHandler
                0x0000000008005380                CAN1_SCE_IRQHandler
                0x0000000008005380                FLASH_IRQHandler
                0x0000000008005380                BusFault_Handler
                0x0000000008005380                USART1_IRQHandler
                0x0000000008005380                SPI3_IRQHandler
                0x0000000008005380                I2C1_ER_IRQHandler
                0x0000000008005380                LPTIM1_IRQHandler
                0x0000000008005380                I2C4_ER_IRQHandler
                0x0000000008005380                SAI1_IRQHandler
                0x0000000008005380                DMA2_Channel3_IRQHandler
                0x0000000008005380                TIM1_BRK_TIM15_IRQHandler
 .text.HAL_Init
                0x0000000008005382       0x30 ./Drivers/STM32L4xx_HAL_Driver/Src/stm32l4xx_hal.o
                0x0000000008005382                HAL_Init
 *fill*         0x00000000080053b2        0x2 
 .text.HAL_InitTick
                0x00000000080053b4       0x78 ./Drivers/STM32L4xx_HAL_Driver/Src/stm32l4xx_hal.o
                0x00000000080053b4                HAL_InitTick
 .text.HAL_IncTick
                0x000000000800542c       0x28 ./Drivers/STM32L4xx_HAL_Driver/Src/stm32l4xx_hal.o
                0x000000000800542c                HAL_IncTick
 .text.HAL_GetTick
                0x0000000008005454       0x18 ./Drivers/STM32L4xx_HAL_Driver/Src/stm32l4xx_hal.o
                0x0000000008005454                HAL_GetTick
 .text.HAL_Delay
                0x000000000800546c       0x48 ./Drivers/STM32L4xx_HAL_Driver/Src/stm32l4xx_hal.o
                0x000000000800546c                HAL_Delay
 .text.HAL_GetUIDw0
                0x00000000080054b4       0x18 ./Drivers/STM32L4xx_HAL_Driver/Src/stm32l4xx_hal.o
                0x00000000080054b4                HAL_GetUIDw0
 .text.HAL_GetUIDw1
                0x00000000080054cc       0x18 ./Drivers/STM32L4xx_HAL_Driver/Src/stm32l4xx_hal.o
                0x00000000080054cc                HAL_GetUIDw1
 .text.HAL_GetUIDw2
                0x00000000080054e4       0x18 ./Drivers/STM32L4xx_HAL_Driver/Src/stm32l4xx_hal.o
                0x00000000080054e4                HAL_GetUIDw2
 .text.__NVIC_SetPriorityGrouping
                0x00000000080054fc       0x48 ./Drivers/STM32L4xx_HAL_Driver/Src/stm32l4xx_hal_cortex.o
 .text.__NVIC_GetPriorityGrouping
                0x0000000008005544       0x1c ./Drivers/STM32L4xx_HAL_Driver/Src/stm32l4xx_hal_cortex.o
 .text.__NVIC_EnableIRQ
                0x0000000008005560       0x3c ./Drivers/STM32L4xx_HAL_Driver/Src/stm32l4xx_hal_cortex.o
 .text.__NVIC_SetPriority
                0x000000000800559c       0x54 ./Drivers/STM32L4xx_HAL_Driver/Src/stm32l4xx_hal_cortex.o
 .text.NVIC_EncodePriority
                0x00000000080055f0       0x66 ./Drivers/STM32L4xx_HAL_Driver/Src/stm32l4xx_hal_cortex.o
 *fill*         0x0000000008005656        0x2 
 .text.SysTick_Config
                0x0000000008005658       0x44 ./Drivers/STM32L4xx_HAL_Driver/Src/stm32l4xx_hal_cortex.o
 .text.HAL_NVIC_SetPriorityGrouping
                0x000000000800569c       0x16 ./Drivers/STM32L4xx_HAL_Driver/Src/stm32l4xx_hal_cortex.o
                0x000000000800569c                HAL_NVIC_SetPriorityGrouping
 .text.HAL_NVIC_SetPriority
                0x00000000080056b2       0x38 ./Drivers/STM32L4xx_HAL_Driver/Src/stm32l4xx_hal_cortex.o
                0x00000000080056b2                HAL_NVIC_SetPriority
 .text.HAL_NVIC_EnableIRQ
                0x00000000080056ea       0x1c ./Drivers/STM32L4xx_HAL_Driver/Src/stm32l4xx_hal_cortex.o
                0x00000000080056ea                HAL_NVIC_EnableIRQ
 .text.HAL_SYSTICK_Config
                0x0000000008005706       0x18 ./Drivers/STM32L4xx_HAL_Driver/Src/stm32l4xx_hal_cortex.o
                0x0000000008005706                HAL_SYSTICK_Config
 *fill*         0x000000000800571e        0x2 
 .text.HAL_DMA_Init
                0x0000000008005720      0x170 ./Drivers/STM32L4xx_HAL_Driver/Src/stm32l4xx_hal_dma.o
                0x0000000008005720                HAL_DMA_Init
 .text.HAL_DMA_Start_IT
                0x0000000008005890       0xc0 ./Drivers/STM32L4xx_HAL_Driver/Src/stm32l4xx_hal_dma.o
                0x0000000008005890                HAL_DMA_Start_IT
 .text.HAL_DMA_Abort
                0x0000000008005950       0x7c ./Drivers/STM32L4xx_HAL_Driver/Src/stm32l4xx_hal_dma.o
                0x0000000008005950                HAL_DMA_Abort
 .text.HAL_DMA_Abort_IT
                0x00000000080059cc       0x82 ./Drivers/STM32L4xx_HAL_Driver/Src/stm32l4xx_hal_dma.o
                0x00000000080059cc                HAL_DMA_Abort_IT
 .text.HAL_DMA_IRQHandler
                0x0000000008005a4e      0x15e ./Drivers/STM32L4xx_HAL_Driver/Src/stm32l4xx_hal_dma.o
                0x0000000008005a4e                HAL_DMA_IRQHandler
 .text.HAL_DMA_GetError
                0x0000000008005bac       0x18 ./Drivers/STM32L4xx_HAL_Driver/Src/stm32l4xx_hal_dma.o
                0x0000000008005bac                HAL_DMA_GetError
 .text.DMA_SetConfig
                0x0000000008005bc4       0x60 ./Drivers/STM32L4xx_HAL_Driver/Src/stm32l4xx_hal_dma.o
 .text.HAL_FLASH_Program
                0x0000000008005c24       0xd8 ./Drivers/STM32L4xx_HAL_Driver/Src/stm32l4xx_hal_flash.o
                0x0000000008005c24                HAL_FLASH_Program
 .text.HAL_FLASH_Unlock
                0x0000000008005cfc       0x44 ./Drivers/STM32L4xx_HAL_Driver/Src/stm32l4xx_hal_flash.o
                0x0000000008005cfc                HAL_FLASH_Unlock
 .text.HAL_FLASH_GetError
                0x0000000008005d40       0x18 ./Drivers/STM32L4xx_HAL_Driver/Src/stm32l4xx_hal_flash.o
                0x0000000008005d40                HAL_FLASH_GetError
 .text.FLASH_WaitForLastOperation
                0x0000000008005d58       0xb0 ./Drivers/STM32L4xx_HAL_Driver/Src/stm32l4xx_hal_flash.o
                0x0000000008005d58                FLASH_WaitForLastOperation
 .text.FLASH_Program_DoubleWord
                0x0000000008005e08       0x4c ./Drivers/STM32L4xx_HAL_Driver/Src/stm32l4xx_hal_flash.o
 .text.FLASH_Program_Fast
                0x0000000008005e54       0x6c ./Drivers/STM32L4xx_HAL_Driver/Src/stm32l4xx_hal_flash.o
 .text.HAL_FLASHEx_Erase
                0x0000000008005ec0      0x140 ./Drivers/STM32L4xx_HAL_Driver/Src/stm32l4xx_hal_flash_ex.o
                0x0000000008005ec0                HAL_FLASHEx_Erase
 .text.FLASH_MassErase
                0x0000000008006000       0x3c ./Drivers/STM32L4xx_HAL_Driver/Src/stm32l4xx_hal_flash_ex.o
 .text.FLASH_PageErase
                0x000000000800603c       0x48 ./Drivers/STM32L4xx_HAL_Driver/Src/stm32l4xx_hal_flash_ex.o
                0x000000000800603c                FLASH_PageErase
 .text.FLASH_FlushCaches
                0x0000000008006084       0x88 ./Drivers/STM32L4xx_HAL_Driver/Src/stm32l4xx_hal_flash_ex.o
                0x0000000008006084                FLASH_FlushCaches
 .text.HAL_GPIO_Init
                0x000000000800610c      0x2f4 ./Drivers/STM32L4xx_HAL_Driver/Src/stm32l4xx_hal_gpio.o
                0x000000000800610c                HAL_GPIO_Init
 .text.HAL_GPIO_ReadPin
                0x0000000008006400       0x30 ./Drivers/STM32L4xx_HAL_Driver/Src/stm32l4xx_hal_gpio.o
                0x0000000008006400                HAL_GPIO_ReadPin
 .text.HAL_GPIO_WritePin
                0x0000000008006430       0x30 ./Drivers/STM32L4xx_HAL_Driver/Src/stm32l4xx_hal_gpio.o
                0x0000000008006430                HAL_GPIO_WritePin
 .text.HAL_PWR_EnableBkUpAccess
                0x0000000008006460       0x20 ./Drivers/STM32L4xx_HAL_Driver/Src/stm32l4xx_hal_pwr.o
                0x0000000008006460                HAL_PWR_EnableBkUpAccess
 .text.HAL_PWREx_GetVoltageRange
                0x0000000008006480       0x1c ./Drivers/STM32L4xx_HAL_Driver/Src/stm32l4xx_hal_pwr_ex.o
                0x0000000008006480                HAL_PWREx_GetVoltageRange
 .text.HAL_PWREx_ControlVoltageScaling
                0x000000000800649c       0xac ./Drivers/STM32L4xx_HAL_Driver/Src/stm32l4xx_hal_pwr_ex.o
                0x000000000800649c                HAL_PWREx_ControlVoltageScaling
 .text.HAL_RCC_OscConfig
                0x0000000008006548      0x840 ./Drivers/STM32L4xx_HAL_Driver/Src/stm32l4xx_hal_rcc.o
                0x0000000008006548                HAL_RCC_OscConfig
 .text.HAL_RCC_ClockConfig
                0x0000000008006d88      0x1c4 ./Drivers/STM32L4xx_HAL_Driver/Src/stm32l4xx_hal_rcc.o
                0x0000000008006d88                HAL_RCC_ClockConfig
 .text.HAL_RCC_GetSysClockFreq
                0x0000000008006f4c      0x114 ./Drivers/STM32L4xx_HAL_Driver/Src/stm32l4xx_hal_rcc.o
                0x0000000008006f4c                HAL_RCC_GetSysClockFreq
 .text.HAL_RCC_GetHCLKFreq
                0x0000000008007060       0x18 ./Drivers/STM32L4xx_HAL_Driver/Src/stm32l4xx_hal_rcc.o
                0x0000000008007060                HAL_RCC_GetHCLKFreq
 .text.HAL_RCC_GetPCLK1Freq
                0x0000000008007078       0x2c ./Drivers/STM32L4xx_HAL_Driver/Src/stm32l4xx_hal_rcc.o
                0x0000000008007078                HAL_RCC_GetPCLK1Freq
 .text.HAL_RCC_GetPCLK2Freq
                0x00000000080070a4       0x2c ./Drivers/STM32L4xx_HAL_Driver/Src/stm32l4xx_hal_rcc.o
                0x00000000080070a4                HAL_RCC_GetPCLK2Freq
 .text.RCC_SetFlashLatencyFromMSIRange
                0x00000000080070d0       0xc0 ./Drivers/STM32L4xx_HAL_Driver/Src/stm32l4xx_hal_rcc.o
 .text.HAL_RCCEx_PeriphCLKConfig
                0x0000000008007190      0x4d8 ./Drivers/STM32L4xx_HAL_Driver/Src/stm32l4xx_hal_rcc_ex.o
                0x0000000008007190                HAL_RCCEx_PeriphCLKConfig
 .text.HAL_RCCEx_EnableMSIPLLMode
                0x0000000008007668       0x20 ./Drivers/STM32L4xx_HAL_Driver/Src/stm32l4xx_hal_rcc_ex.o
                0x0000000008007668                HAL_RCCEx_EnableMSIPLLMode
 .text.RCCEx_PLLSAI1_Config
                0x0000000008007688      0x1e4 ./Drivers/STM32L4xx_HAL_Driver/Src/stm32l4xx_hal_rcc_ex.o
 .text.HAL_SPI_Init
                0x000000000800786c      0x146 ./Drivers/STM32L4xx_HAL_Driver/Src/stm32l4xx_hal_spi.o
                0x000000000800786c                HAL_SPI_Init
 .text.HAL_SPI_Transmit
                0x00000000080079b2      0x2dc ./Drivers/STM32L4xx_HAL_Driver/Src/stm32l4xx_hal_spi.o
                0x00000000080079b2                HAL_SPI_Transmit
 *fill*         0x0000000008007c8e        0x2 
 .text.HAL_SPI_Transmit_DMA
                0x0000000008007c90      0x1e8 ./Drivers/STM32L4xx_HAL_Driver/Src/stm32l4xx_hal_spi.o
                0x0000000008007c90                HAL_SPI_Transmit_DMA
 .text.HAL_SPI_TransmitReceive_DMA
                0x0000000008007e78      0x318 ./Drivers/STM32L4xx_HAL_Driver/Src/stm32l4xx_hal_spi.o
                0x0000000008007e78                HAL_SPI_TransmitReceive_DMA
 .text.HAL_SPI_RxCpltCallback
                0x0000000008008190       0x14 ./Drivers/STM32L4xx_HAL_Driver/Src/stm32l4xx_hal_spi.o
                0x0000000008008190                HAL_SPI_RxCpltCallback
 .text.HAL_SPI_TxHalfCpltCallback
                0x00000000080081a4       0x14 ./Drivers/STM32L4xx_HAL_Driver/Src/stm32l4xx_hal_spi.o
                0x00000000080081a4                HAL_SPI_TxHalfCpltCallback
 .text.HAL_SPI_RxHalfCpltCallback
                0x00000000080081b8       0x14 ./Drivers/STM32L4xx_HAL_Driver/Src/stm32l4xx_hal_spi.o
                0x00000000080081b8                HAL_SPI_RxHalfCpltCallback
 .text.HAL_SPI_TxRxHalfCpltCallback
                0x00000000080081cc       0x14 ./Drivers/STM32L4xx_HAL_Driver/Src/stm32l4xx_hal_spi.o
                0x00000000080081cc                HAL_SPI_TxRxHalfCpltCallback
 .text.SPI_DMATransmitCplt
                0x00000000080081e0       0xa6 ./Drivers/STM32L4xx_HAL_Driver/Src/stm32l4xx_hal_spi.o
 .text.SPI_DMAReceiveCplt
                0x0000000008008286       0xa8 ./Drivers/STM32L4xx_HAL_Driver/Src/stm32l4xx_hal_spi.o
 .text.SPI_DMATransmitReceiveCplt
                0x000000000800832e       0x90 ./Drivers/STM32L4xx_HAL_Driver/Src/stm32l4xx_hal_spi.o
 .text.SPI_DMAHalfTransmitCplt
                0x00000000080083be       0x1c ./Drivers/STM32L4xx_HAL_Driver/Src/stm32l4xx_hal_spi.o
 .text.SPI_DMAHalfReceiveCplt
                0x00000000080083da       0x1c ./Drivers/STM32L4xx_HAL_Driver/Src/stm32l4xx_hal_spi.o
 .text.SPI_DMAHalfTransmitReceiveCplt
                0x00000000080083f6       0x1c ./Drivers/STM32L4xx_HAL_Driver/Src/stm32l4xx_hal_spi.o
 .text.SPI_DMAError
                0x0000000008008412       0x40 ./Drivers/STM32L4xx_HAL_Driver/Src/stm32l4xx_hal_spi.o
 *fill*         0x0000000008008452        0x2 
 .text.SPI_WaitFlagStateUntilTimeout
                0x0000000008008454      0x110 ./Drivers/STM32L4xx_HAL_Driver/Src/stm32l4xx_hal_spi.o
 .text.SPI_WaitFifoStateUntilTimeout
                0x0000000008008564      0x124 ./Drivers/STM32L4xx_HAL_Driver/Src/stm32l4xx_hal_spi.o
 .text.SPI_EndRxTransaction
                0x0000000008008688       0xb0 ./Drivers/STM32L4xx_HAL_Driver/Src/stm32l4xx_hal_spi.o
 .text.SPI_EndRxTxTransaction
                0x0000000008008738       0x8c ./Drivers/STM32L4xx_HAL_Driver/Src/stm32l4xx_hal_spi.o
 .text.HAL_UART_Init
                0x00000000080087c4       0x9c ./Drivers/STM32L4xx_HAL_Driver/Src/stm32l4xx_hal_uart.o
                0x00000000080087c4                HAL_UART_Init
 .text.HAL_UART_Transmit_DMA
                0x0000000008008860       0xfc ./Drivers/STM32L4xx_HAL_Driver/Src/stm32l4xx_hal_uart.o
                0x0000000008008860                HAL_UART_Transmit_DMA
 .text.HAL_UART_Receive_DMA
                0x000000000800895c       0x88 ./Drivers/STM32L4xx_HAL_Driver/Src/stm32l4xx_hal_uart.o
                0x000000000800895c                HAL_UART_Receive_DMA
 .text.HAL_UART_DMAStop
                0x00000000080089e4       0xda ./Drivers/STM32L4xx_HAL_Driver/Src/stm32l4xx_hal_uart.o
                0x00000000080089e4                HAL_UART_DMAStop
 *fill*         0x0000000008008abe        0x2 
 .text.HAL_UART_IRQHandler
                0x0000000008008ac0      0x404 ./Drivers/STM32L4xx_HAL_Driver/Src/stm32l4xx_hal_uart.o
                0x0000000008008ac0                HAL_UART_IRQHandler
 .text.HAL_UART_TxCpltCallback
                0x0000000008008ec4       0x14 ./Drivers/STM32L4xx_HAL_Driver/Src/stm32l4xx_hal_uart.o
                0x0000000008008ec4                HAL_UART_TxCpltCallback
 .text.HAL_UART_RxHalfCpltCallback
                0x0000000008008ed8       0x14 ./Drivers/STM32L4xx_HAL_Driver/Src/stm32l4xx_hal_uart.o
                0x0000000008008ed8                HAL_UART_RxHalfCpltCallback
 .text.HAL_UARTEx_RxEventCallback
                0x0000000008008eec       0x18 ./Drivers/STM32L4xx_HAL_Driver/Src/stm32l4xx_hal_uart.o
                0x0000000008008eec                HAL_UARTEx_RxEventCallback
 .text.UART_SetConfig
                0x0000000008008f04      0x4b8 ./Drivers/STM32L4xx_HAL_Driver/Src/stm32l4xx_hal_uart.o
                0x0000000008008f04                UART_SetConfig
 .text.UART_AdvFeatureConfig
                0x00000000080093bc      0x144 ./Drivers/STM32L4xx_HAL_Driver/Src/stm32l4xx_hal_uart.o
                0x00000000080093bc                UART_AdvFeatureConfig
 .text.UART_CheckIdleState
                0x0000000008009500       0x92 ./Drivers/STM32L4xx_HAL_Driver/Src/stm32l4xx_hal_uart.o
                0x0000000008009500                UART_CheckIdleState
 .text.UART_WaitOnFlagUntilTimeout
                0x0000000008009592       0xf8 ./Drivers/STM32L4xx_HAL_Driver/Src/stm32l4xx_hal_uart.o
                0x0000000008009592                UART_WaitOnFlagUntilTimeout
 *fill*         0x000000000800968a        0x2 
 .text.UART_Start_Receive_DMA
                0x000000000800968c       0xd8 ./Drivers/STM32L4xx_HAL_Driver/Src/stm32l4xx_hal_uart.o
                0x000000000800968c                UART_Start_Receive_DMA
 .text.UART_EndTxTransfer
                0x0000000008009764       0x2a ./Drivers/STM32L4xx_HAL_Driver/Src/stm32l4xx_hal_uart.o
 .text.UART_EndRxTransfer
                0x000000000800978e       0x5e ./Drivers/STM32L4xx_HAL_Driver/Src/stm32l4xx_hal_uart.o
 .text.UART_DMATransmitCplt
                0x00000000080097ec       0x54 ./Drivers/STM32L4xx_HAL_Driver/Src/stm32l4xx_hal_uart.o
 .text.UART_DMATxHalfCplt
                0x0000000008009840       0x1c ./Drivers/STM32L4xx_HAL_Driver/Src/stm32l4xx_hal_uart.o
 .text.UART_DMAReceiveCplt
                0x000000000800985c       0x98 ./Drivers/STM32L4xx_HAL_Driver/Src/stm32l4xx_hal_uart.o
 .text.UART_DMARxHalfCplt
                0x00000000080098f4       0x38 ./Drivers/STM32L4xx_HAL_Driver/Src/stm32l4xx_hal_uart.o
 .text.UART_DMAError
                0x000000000800992c       0x7c ./Drivers/STM32L4xx_HAL_Driver/Src/stm32l4xx_hal_uart.o
 .text.UART_DMAAbortOnError
                0x00000000080099a8       0x2c ./Drivers/STM32L4xx_HAL_Driver/Src/stm32l4xx_hal_uart.o
 .text.UART_EndTransmit_IT
                0x00000000080099d4       0x32 ./Drivers/STM32L4xx_HAL_Driver/Src/stm32l4xx_hal_uart.o
 .text.HAL_RS485Ex_Init
                0x0000000008009a06       0xce ./Drivers/STM32L4xx_HAL_Driver/Src/stm32l4xx_hal_uart_ex.o
                0x0000000008009a06                HAL_RS485Ex_Init
 .text.HAL_UARTEx_WakeupCallback
                0x0000000008009ad4       0x14 ./Drivers/STM32L4xx_HAL_Driver/Src/stm32l4xx_hal_uart_ex.o
                0x0000000008009ad4                HAL_UARTEx_WakeupCallback
 .text.__errno  0x0000000008009ae8        0xc c:/st/stm32cubeide_1.7.0/stm32cubeide/plugins/com.st.stm32cube.ide.mcu.externaltools.gnu-tools-for-stm32.9-2020-q2-update.win32_2.0.0.202105311346/tools/bin/../lib/gcc/arm-none-eabi/9.3.1/../../../../arm-none-eabi/lib/thumb/v7e-m+fp/hard\libc_nano.a(lib_a-errno.o)
                0x0000000008009ae8                __errno
 .text.__libc_init_array
                0x0000000008009af4       0x48 c:/st/stm32cubeide_1.7.0/stm32cubeide/plugins/com.st.stm32cube.ide.mcu.externaltools.gnu-tools-for-stm32.9-2020-q2-update.win32_2.0.0.202105311346/tools/bin/../lib/gcc/arm-none-eabi/9.3.1/../../../../arm-none-eabi/lib/thumb/v7e-m+fp/hard\libc_nano.a(lib_a-init.o)
                0x0000000008009af4                __libc_init_array
 .text.memcmp   0x0000000008009b3c       0x1c c:/st/stm32cubeide_1.7.0/stm32cubeide/plugins/com.st.stm32cube.ide.mcu.externaltools.gnu-tools-for-stm32.9-2020-q2-update.win32_2.0.0.202105311346/tools/bin/../lib/gcc/arm-none-eabi/9.3.1/../../../../arm-none-eabi/lib/thumb/v7e-m+fp/hard\libc_nano.a(lib_a-memcmp.o)
                0x0000000008009b3c                memcmp
 .text.memcpy   0x0000000008009b58       0x1c c:/st/stm32cubeide_1.7.0/stm32cubeide/plugins/com.st.stm32cube.ide.mcu.externaltools.gnu-tools-for-stm32.9-2020-q2-update.win32_2.0.0.202105311346/tools/bin/../lib/gcc/arm-none-eabi/9.3.1/../../../../arm-none-eabi/lib/thumb/v7e-m+fp/hard\libc_nano.a(lib_a-memcpy-stub.o)
                0x0000000008009b58                memcpy
 .text.memset   0x0000000008009b74       0x10 c:/st/stm32cubeide_1.7.0/stm32cubeide/plugins/com.st.stm32cube.ide.mcu.externaltools.gnu-tools-for-stm32.9-2020-q2-update.win32_2.0.0.202105311346/tools/bin/../lib/gcc/arm-none-eabi/9.3.1/../../../../arm-none-eabi/lib/thumb/v7e-m+fp/hard\libc_nano.a(lib_a-memset.o)
                0x0000000008009b74                memset
 .text._puts_r  0x0000000008009b84       0xdc c:/st/stm32cubeide_1.7.0/stm32cubeide/plugins/com.st.stm32cube.ide.mcu.externaltools.gnu-tools-for-stm32.9-2020-q2-update.win32_2.0.0.202105311346/tools/bin/../lib/gcc/arm-none-eabi/9.3.1/../../../../arm-none-eabi/lib/thumb/v7e-m+fp/hard\libc_nano.a(lib_a-puts.o)
                0x0000000008009b84                _puts_r
 .text.puts     0x0000000008009c60       0x10 c:/st/stm32cubeide_1.7.0/stm32cubeide/plugins/com.st.stm32cube.ide.mcu.externaltools.gnu-tools-for-stm32.9-2020-q2-update.win32_2.0.0.202105311346/tools/bin/../lib/gcc/arm-none-eabi/9.3.1/../../../../arm-none-eabi/lib/thumb/v7e-m+fp/hard\libc_nano.a(lib_a-puts.o)
                0x0000000008009c60                puts
 .text.__swbuf_r
                0x0000000008009c70       0xa4 c:/st/stm32cubeide_1.7.0/stm32cubeide/plugins/com.st.stm32cube.ide.mcu.externaltools.gnu-tools-for-stm32.9-2020-q2-update.win32_2.0.0.202105311346/tools/bin/../lib/gcc/arm-none-eabi/9.3.1/../../../../arm-none-eabi/lib/thumb/v7e-m+fp/hard\libc_nano.a(lib_a-wbuf.o)
                0x0000000008009c70                __swbuf_r
 .text.__swsetup_r
                0x0000000008009d14       0xdc c:/st/stm32cubeide_1.7.0/stm32cubeide/plugins/com.st.stm32cube.ide.mcu.externaltools.gnu-tools-for-stm32.9-2020-q2-update.win32_2.0.0.202105311346/tools/bin/../lib/gcc/arm-none-eabi/9.3.1/../../../../arm-none-eabi/lib/thumb/v7e-m+fp/hard\libc_nano.a(lib_a-wsetup.o)
                0x0000000008009d14                __swsetup_r
 .text.__sflush_r
                0x0000000008009df0      0x10c c:/st/stm32cubeide_1.7.0/stm32cubeide/plugins/com.st.stm32cube.ide.mcu.externaltools.gnu-tools-for-stm32.9-2020-q2-update.win32_2.0.0.202105311346/tools/bin/../lib/gcc/arm-none-eabi/9.3.1/../../../../arm-none-eabi/lib/thumb/v7e-m+fp/hard\libc_nano.a(lib_a-fflush.o)
                0x0000000008009df0                __sflush_r
 .text._fflush_r
                0x0000000008009efc       0x78 c:/st/stm32cubeide_1.7.0/stm32cubeide/plugins/com.st.stm32cube.ide.mcu.externaltools.gnu-tools-for-stm32.9-2020-q2-update.win32_2.0.0.202105311346/tools/bin/../lib/gcc/arm-none-eabi/9.3.1/../../../../arm-none-eabi/lib/thumb/v7e-m+fp/hard\libc_nano.a(lib_a-fflush.o)
                0x0000000008009efc                _fflush_r
 .text.std      0x0000000008009f74       0x48 c:/st/stm32cubeide_1.7.0/stm32cubeide/plugins/com.st.stm32cube.ide.mcu.externaltools.gnu-tools-for-stm32.9-2020-q2-update.win32_2.0.0.202105311346/tools/bin/../lib/gcc/arm-none-eabi/9.3.1/../../../../arm-none-eabi/lib/thumb/v7e-m+fp/hard\libc_nano.a(lib_a-findfp.o)
 .text._cleanup_r
                0x0000000008009fbc        0xc c:/st/stm32cubeide_1.7.0/stm32cubeide/plugins/com.st.stm32cube.ide.mcu.externaltools.gnu-tools-for-stm32.9-2020-q2-update.win32_2.0.0.202105311346/tools/bin/../lib/gcc/arm-none-eabi/9.3.1/../../../../arm-none-eabi/lib/thumb/v7e-m+fp/hard\libc_nano.a(lib_a-findfp.o)
                0x0000000008009fbc                _cleanup_r
 .text.__sfmoreglue
                0x0000000008009fc8       0x2c c:/st/stm32cubeide_1.7.0/stm32cubeide/plugins/com.st.stm32cube.ide.mcu.externaltools.gnu-tools-for-stm32.9-2020-q2-update.win32_2.0.0.202105311346/tools/bin/../lib/gcc/arm-none-eabi/9.3.1/../../../../arm-none-eabi/lib/thumb/v7e-m+fp/hard\libc_nano.a(lib_a-findfp.o)
                0x0000000008009fc8                __sfmoreglue
 .text.__sfp_lock_acquire
                0x0000000008009ff4        0xc c:/st/stm32cubeide_1.7.0/stm32cubeide/plugins/com.st.stm32cube.ide.mcu.externaltools.gnu-tools-for-stm32.9-2020-q2-update.win32_2.0.0.202105311346/tools/bin/../lib/gcc/arm-none-eabi/9.3.1/../../../../arm-none-eabi/lib/thumb/v7e-m+fp/hard\libc_nano.a(lib_a-findfp.o)
                0x0000000008009ff4                __sfp_lock_acquire
 .text.__sfp_lock_release
                0x000000000800a000        0xc c:/st/stm32cubeide_1.7.0/stm32cubeide/plugins/com.st.stm32cube.ide.mcu.externaltools.gnu-tools-for-stm32.9-2020-q2-update.win32_2.0.0.202105311346/tools/bin/../lib/gcc/arm-none-eabi/9.3.1/../../../../arm-none-eabi/lib/thumb/v7e-m+fp/hard\libc_nano.a(lib_a-findfp.o)
                0x000000000800a000                __sfp_lock_release
 .text.__sinit_lock_acquire
                0x000000000800a00c        0xc c:/st/stm32cubeide_1.7.0/stm32cubeide/plugins/com.st.stm32cube.ide.mcu.externaltools.gnu-tools-for-stm32.9-2020-q2-update.win32_2.0.0.202105311346/tools/bin/../lib/gcc/arm-none-eabi/9.3.1/../../../../arm-none-eabi/lib/thumb/v7e-m+fp/hard\libc_nano.a(lib_a-findfp.o)
                0x000000000800a00c                __sinit_lock_acquire
 .text.__sinit_lock_release
                0x000000000800a018        0xc c:/st/stm32cubeide_1.7.0/stm32cubeide/plugins/com.st.stm32cube.ide.mcu.externaltools.gnu-tools-for-stm32.9-2020-q2-update.win32_2.0.0.202105311346/tools/bin/../lib/gcc/arm-none-eabi/9.3.1/../../../../arm-none-eabi/lib/thumb/v7e-m+fp/hard\libc_nano.a(lib_a-findfp.o)
                0x000000000800a018                __sinit_lock_release
 .text.__sinit  0x000000000800a024       0x70 c:/st/stm32cubeide_1.7.0/stm32cubeide/plugins/com.st.stm32cube.ide.mcu.externaltools.gnu-tools-for-stm32.9-2020-q2-update.win32_2.0.0.202105311346/tools/bin/../lib/gcc/arm-none-eabi/9.3.1/../../../../arm-none-eabi/lib/thumb/v7e-m+fp/hard\libc_nano.a(lib_a-findfp.o)
                0x000000000800a024                __sinit
 .text.__sfp    0x000000000800a094       0x8c c:/st/stm32cubeide_1.7.0/stm32cubeide/plugins/com.st.stm32cube.ide.mcu.externaltools.gnu-tools-for-stm32.9-2020-q2-update.win32_2.0.0.202105311346/tools/bin/../lib/gcc/arm-none-eabi/9.3.1/../../../../arm-none-eabi/lib/thumb/v7e-m+fp/hard\libc_nano.a(lib_a-findfp.o)
                0x000000000800a094                __sfp
 .text._fwalk_reent
                0x000000000800a120       0x3e c:/st/stm32cubeide_1.7.0/stm32cubeide/plugins/com.st.stm32cube.ide.mcu.externaltools.gnu-tools-for-stm32.9-2020-q2-update.win32_2.0.0.202105311346/tools/bin/../lib/gcc/arm-none-eabi/9.3.1/../../../../arm-none-eabi/lib/thumb/v7e-m+fp/hard\libc_nano.a(lib_a-fwalk.o)
                0x000000000800a120                _fwalk_reent
 .text.__retarget_lock_init_recursive
                0x000000000800a15e        0x2 c:/st/stm32cubeide_1.7.0/stm32cubeide/plugins/com.st.stm32cube.ide.mcu.externaltools.gnu-tools-for-stm32.9-2020-q2-update.win32_2.0.0.202105311346/tools/bin/../lib/gcc/arm-none-eabi/9.3.1/../../../../arm-none-eabi/lib/thumb/v7e-m+fp/hard\libc_nano.a(lib_a-lock.o)
                0x000000000800a15e                __retarget_lock_init_recursive
 .text.__retarget_lock_acquire_recursive
                0x000000000800a160        0x2 c:/st/stm32cubeide_1.7.0/stm32cubeide/plugins/com.st.stm32cube.ide.mcu.externaltools.gnu-tools-for-stm32.9-2020-q2-update.win32_2.0.0.202105311346/tools/bin/../lib/gcc/arm-none-eabi/9.3.1/../../../../arm-none-eabi/lib/thumb/v7e-m+fp/hard\libc_nano.a(lib_a-lock.o)
                0x000000000800a160                __retarget_lock_acquire_recursive
 .text.__retarget_lock_release_recursive
                0x000000000800a162        0x2 c:/st/stm32cubeide_1.7.0/stm32cubeide/plugins/com.st.stm32cube.ide.mcu.externaltools.gnu-tools-for-stm32.9-2020-q2-update.win32_2.0.0.202105311346/tools/bin/../lib/gcc/arm-none-eabi/9.3.1/../../../../arm-none-eabi/lib/thumb/v7e-m+fp/hard\libc_nano.a(lib_a-lock.o)
                0x000000000800a162                __retarget_lock_release_recursive
 .text.__swhatbuf_r
                0x000000000800a164       0x48 c:/st/stm32cubeide_1.7.0/stm32cubeide/plugins/com.st.stm32cube.ide.mcu.externaltools.gnu-tools-for-stm32.9-2020-q2-update.win32_2.0.0.202105311346/tools/bin/../lib/gcc/arm-none-eabi/9.3.1/../../../../arm-none-eabi/lib/thumb/v7e-m+fp/hard\libc_nano.a(lib_a-makebuf.o)
                0x000000000800a164                __swhatbuf_r
 .text.__smakebuf_r
                0x000000000800a1ac       0x80 c:/st/stm32cubeide_1.7.0/stm32cubeide/plugins/com.st.stm32cube.ide.mcu.externaltools.gnu-tools-for-stm32.9-2020-q2-update.win32_2.0.0.202105311346/tools/bin/../lib/gcc/arm-none-eabi/9.3.1/../../../../arm-none-eabi/lib/thumb/v7e-m+fp/hard\libc_nano.a(lib_a-makebuf.o)
                0x000000000800a1ac                __smakebuf_r
 .text._free_r  0x000000000800a22c       0xa0 c:/st/stm32cubeide_1.7.0/stm32cubeide/plugins/com.st.stm32cube.ide.mcu.externaltools.gnu-tools-for-stm32.9-2020-q2-update.win32_2.0.0.202105311346/tools/bin/../lib/gcc/arm-none-eabi/9.3.1/../../../../arm-none-eabi/lib/thumb/v7e-m+fp/hard\libc_nano.a(lib_a-nano-freer.o)
                0x000000000800a22c                _free_r
 .text._malloc_r
                0x000000000800a2cc       0xb4 c:/st/stm32cubeide_1.7.0/stm32cubeide/plugins/com.st.stm32cube.ide.mcu.externaltools.gnu-tools-for-stm32.9-2020-q2-update.win32_2.0.0.202105311346/tools/bin/../lib/gcc/arm-none-eabi/9.3.1/../../../../arm-none-eabi/lib/thumb/v7e-m+fp/hard\libc_nano.a(lib_a-nano-mallocr.o)
                0x000000000800a2cc                _malloc_r
 .text._sbrk_r  0x000000000800a380       0x20 c:/st/stm32cubeide_1.7.0/stm32cubeide/plugins/com.st.stm32cube.ide.mcu.externaltools.gnu-tools-for-stm32.9-2020-q2-update.win32_2.0.0.202105311346/tools/bin/../lib/gcc/arm-none-eabi/9.3.1/../../../../arm-none-eabi/lib/thumb/v7e-m+fp/hard\libc_nano.a(lib_a-sbrkr.o)
                0x000000000800a380                _sbrk_r
 .text.__sread  0x000000000800a3a0       0x22 c:/st/stm32cubeide_1.7.0/stm32cubeide/plugins/com.st.stm32cube.ide.mcu.externaltools.gnu-tools-for-stm32.9-2020-q2-update.win32_2.0.0.202105311346/tools/bin/../lib/gcc/arm-none-eabi/9.3.1/../../../../arm-none-eabi/lib/thumb/v7e-m+fp/hard\libc_nano.a(lib_a-stdio.o)
                0x000000000800a3a0                __sread
 .text.__swrite
                0x000000000800a3c2       0x38 c:/st/stm32cubeide_1.7.0/stm32cubeide/plugins/com.st.stm32cube.ide.mcu.externaltools.gnu-tools-for-stm32.9-2020-q2-update.win32_2.0.0.202105311346/tools/bin/../lib/gcc/arm-none-eabi/9.3.1/../../../../arm-none-eabi/lib/thumb/v7e-m+fp/hard\libc_nano.a(lib_a-stdio.o)
                0x000000000800a3c2                __swrite
 .text.__sseek  0x000000000800a3fa       0x24 c:/st/stm32cubeide_1.7.0/stm32cubeide/plugins/com.st.stm32cube.ide.mcu.externaltools.gnu-tools-for-stm32.9-2020-q2-update.win32_2.0.0.202105311346/tools/bin/../lib/gcc/arm-none-eabi/9.3.1/../../../../arm-none-eabi/lib/thumb/v7e-m+fp/hard\libc_nano.a(lib_a-stdio.o)
                0x000000000800a3fa                __sseek
 .text.__sclose
                0x000000000800a41e        0x8 c:/st/stm32cubeide_1.7.0/stm32cubeide/plugins/com.st.stm32cube.ide.mcu.externaltools.gnu-tools-for-stm32.9-2020-q2-update.win32_2.0.0.202105311346/tools/bin/../lib/gcc/arm-none-eabi/9.3.1/../../../../arm-none-eabi/lib/thumb/v7e-m+fp/hard\libc_nano.a(lib_a-stdio.o)
                0x000000000800a41e                __sclose
 *fill*         0x000000000800a426        0x2 
 .text._close_r
                0x000000000800a428       0x20 c:/st/stm32cubeide_1.7.0/stm32cubeide/plugins/com.st.stm32cube.ide.mcu.externaltools.gnu-tools-for-stm32.9-2020-q2-update.win32_2.0.0.202105311346/tools/bin/../lib/gcc/arm-none-eabi/9.3.1/../../../../arm-none-eabi/lib/thumb/v7e-m+fp/hard\libc_nano.a(lib_a-closer.o)
                0x000000000800a428                _close_r
 .text._fstat_r
                0x000000000800a448       0x24 c:/st/stm32cubeide_1.7.0/stm32cubeide/plugins/com.st.stm32cube.ide.mcu.externaltools.gnu-tools-for-stm32.9-2020-q2-update.win32_2.0.0.202105311346/tools/bin/../lib/gcc/arm-none-eabi/9.3.1/../../../../arm-none-eabi/lib/thumb/v7e-m+fp/hard\libc_nano.a(lib_a-fstatr.o)
                0x000000000800a448                _fstat_r
 .text._isatty_r
                0x000000000800a46c       0x20 c:/st/stm32cubeide_1.7.0/stm32cubeide/plugins/com.st.stm32cube.ide.mcu.externaltools.gnu-tools-for-stm32.9-2020-q2-update.win32_2.0.0.202105311346/tools/bin/../lib/gcc/arm-none-eabi/9.3.1/../../../../arm-none-eabi/lib/thumb/v7e-m+fp/hard\libc_nano.a(lib_a-isattyr.o)
                0x000000000800a46c                _isatty_r
 .text._lseek_r
                0x000000000800a48c       0x24 c:/st/stm32cubeide_1.7.0/stm32cubeide/plugins/com.st.stm32cube.ide.mcu.externaltools.gnu-tools-for-stm32.9-2020-q2-update.win32_2.0.0.202105311346/tools/bin/../lib/gcc/arm-none-eabi/9.3.1/../../../../arm-none-eabi/lib/thumb/v7e-m+fp/hard\libc_nano.a(lib_a-lseekr.o)
                0x000000000800a48c                _lseek_r
 .text.__malloc_lock
                0x000000000800a4b0        0xc c:/st/stm32cubeide_1.7.0/stm32cubeide/plugins/com.st.stm32cube.ide.mcu.externaltools.gnu-tools-for-stm32.9-2020-q2-update.win32_2.0.0.202105311346/tools/bin/../lib/gcc/arm-none-eabi/9.3.1/../../../../arm-none-eabi/lib/thumb/v7e-m+fp/hard\libc_nano.a(lib_a-mlock.o)
                0x000000000800a4b0                __malloc_lock
 .text.__malloc_unlock
                0x000000000800a4bc        0xc c:/st/stm32cubeide_1.7.0/stm32cubeide/plugins/com.st.stm32cube.ide.mcu.externaltools.gnu-tools-for-stm32.9-2020-q2-update.win32_2.0.0.202105311346/tools/bin/../lib/gcc/arm-none-eabi/9.3.1/../../../../arm-none-eabi/lib/thumb/v7e-m+fp/hard\libc_nano.a(lib_a-mlock.o)
                0x000000000800a4bc                __malloc_unlock
 .text._read_r  0x000000000800a4c8       0x24 c:/st/stm32cubeide_1.7.0/stm32cubeide/plugins/com.st.stm32cube.ide.mcu.externaltools.gnu-tools-for-stm32.9-2020-q2-update.win32_2.0.0.202105311346/tools/bin/../lib/gcc/arm-none-eabi/9.3.1/../../../../arm-none-eabi/lib/thumb/v7e-m+fp/hard\libc_nano.a(lib_a-readr.o)
                0x000000000800a4c8                _read_r
 *(.glue_7)
 .glue_7        0x000000000800a4ec        0x0 linker stubs
 *(.glue_7t)
 .glue_7t       0x000000000800a4ec        0x0 linker stubs
 *(.eh_frame)
 .eh_frame      0x000000000800a4ec        0x0 c:/st/stm32cubeide_1.7.0/stm32cubeide/plugins/com.st.stm32cube.ide.mcu.externaltools.gnu-tools-for-stm32.9-2020-q2-update.win32_2.0.0.202105311346/tools/bin/../lib/gcc/arm-none-eabi/9.3.1/thumb/v7e-m+fp/hard/crtbegin.o
 *(.init)
 .init          0x000000000800a4ec        0x4 c:/st/stm32cubeide_1.7.0/stm32cubeide/plugins/com.st.stm32cube.ide.mcu.externaltools.gnu-tools-for-stm32.9-2020-q2-update.win32_2.0.0.202105311346/tools/bin/../lib/gcc/arm-none-eabi/9.3.1/thumb/v7e-m+fp/hard/crti.o
                0x000000000800a4ec                _init
 .init          0x000000000800a4f0        0x8 c:/st/stm32cubeide_1.7.0/stm32cubeide/plugins/com.st.stm32cube.ide.mcu.externaltools.gnu-tools-for-stm32.9-2020-q2-update.win32_2.0.0.202105311346/tools/bin/../lib/gcc/arm-none-eabi/9.3.1/thumb/v7e-m+fp/hard/crtn.o
 *(.fini)
 .fini          0x000000000800a4f8        0x4 c:/st/stm32cubeide_1.7.0/stm32cubeide/plugins/com.st.stm32cube.ide.mcu.externaltools.gnu-tools-for-stm32.9-2020-q2-update.win32_2.0.0.202105311346/tools/bin/../lib/gcc/arm-none-eabi/9.3.1/thumb/v7e-m+fp/hard/crti.o
                0x000000000800a4f8                _fini
 .fini          0x000000000800a4fc        0x8 c:/st/stm32cubeide_1.7.0/stm32cubeide/plugins/com.st.stm32cube.ide.mcu.externaltools.gnu-tools-for-stm32.9-2020-q2-update.win32_2.0.0.202105311346/tools/bin/../lib/gcc/arm-none-eabi/9.3.1/thumb/v7e-m+fp/hard/crtn.o
                0x000000000800a504                . = ALIGN (0x4)
                0x000000000800a504                _etext = .

.vfp11_veneer   0x000000000800a504        0x0
 .vfp11_veneer  0x000000000800a504        0x0 linker stubs

.v4_bx          0x000000000800a504        0x0
 .v4_bx         0x000000000800a504        0x0 linker stubs

.iplt           0x000000000800a504        0x0
 .iplt          0x000000000800a504        0x0 c:/st/stm32cubeide_1.7.0/stm32cubeide/plugins/com.st.stm32cube.ide.mcu.externaltools.gnu-tools-for-stm32.9-2020-q2-update.win32_2.0.0.202105311346/tools/bin/../lib/gcc/arm-none-eabi/9.3.1/thumb/v7e-m+fp/hard/crtbegin.o

.rodata         0x000000000800a504      0xd58
                0x000000000800a504                . = ALIGN (0x4)
 *(.rodata)
 .rodata        0x000000000800a504       0x17 ./Core/Src/RTT/SEGGER_RTT.o
 *fill*         0x000000000800a51b        0x1 
 .rodata        0x000000000800a51c       0x78 ./Core/Src/main.o
 *(.rodata*)
 .rodata.LoRa_Power
                0x000000000800a594        0x4 ./Core/Inc/Shared_Libraries/SX1278.o
 .rodata.LoRa_LoRaBandwidth
                0x000000000800a598        0xa ./Core/Inc/Shared_Libraries/SX1278.o
 *fill*         0x000000000800a5a2        0x2 
 .rodata.sbox   0x000000000800a5a4      0x400 ./Core/Inc/Shared_Libraries/aes.o
                0x000000000800a5a4                sbox
 .rodata.rsbox  0x000000000800a9a4      0x400 ./Core/Inc/Shared_Libraries/aes.o
                0x000000000800a9a4                rsbox
 .rodata.Rcon   0x000000000800ada4      0x3fc ./Core/Inc/Shared_Libraries/aes.o
                0x000000000800ada4                Rcon
 .rodata._aV2C.6340
                0x000000000800b1a0       0x10 ./Core/Src/RTT/SEGGER_RTT_printf.o
 .rodata.AHBPrescTable
                0x000000000800b1b0       0x10 ./Core/Src/system_stm32l4xx.o
                0x000000000800b1b0                AHBPrescTable
 .rodata.APBPrescTable
                0x000000000800b1c0        0x8 ./Core/Src/system_stm32l4xx.o
                0x000000000800b1c0                APBPrescTable
 .rodata.MSIRangeTable
                0x000000000800b1c8       0x30 ./Core/Src/system_stm32l4xx.o
                0x000000000800b1c8                MSIRangeTable
 .rodata._global_impure_ptr
                0x000000000800b1f8        0x4 c:/st/stm32cubeide_1.7.0/stm32cubeide/plugins/com.st.stm32cube.ide.mcu.externaltools.gnu-tools-for-stm32.9-2020-q2-update.win32_2.0.0.202105311346/tools/bin/../lib/gcc/arm-none-eabi/9.3.1/../../../../arm-none-eabi/lib/thumb/v7e-m+fp/hard\libc_nano.a(lib_a-impure.o)
                0x000000000800b1f8                _global_impure_ptr
 .rodata.__sf_fake_stderr
                0x000000000800b1fc       0x20 c:/st/stm32cubeide_1.7.0/stm32cubeide/plugins/com.st.stm32cube.ide.mcu.externaltools.gnu-tools-for-stm32.9-2020-q2-update.win32_2.0.0.202105311346/tools/bin/../lib/gcc/arm-none-eabi/9.3.1/../../../../arm-none-eabi/lib/thumb/v7e-m+fp/hard\libc_nano.a(lib_a-findfp.o)
                0x000000000800b1fc                __sf_fake_stderr
 .rodata.__sf_fake_stdin
                0x000000000800b21c       0x20 c:/st/stm32cubeide_1.7.0/stm32cubeide/plugins/com.st.stm32cube.ide.mcu.externaltools.gnu-tools-for-stm32.9-2020-q2-update.win32_2.0.0.202105311346/tools/bin/../lib/gcc/arm-none-eabi/9.3.1/../../../../arm-none-eabi/lib/thumb/v7e-m+fp/hard\libc_nano.a(lib_a-findfp.o)
                0x000000000800b21c                __sf_fake_stdin
 .rodata.__sf_fake_stdout
                0x000000000800b23c       0x20 c:/st/stm32cubeide_1.7.0/stm32cubeide/plugins/com.st.stm32cube.ide.mcu.externaltools.gnu-tools-for-stm32.9-2020-q2-update.win32_2.0.0.202105311346/tools/bin/../lib/gcc/arm-none-eabi/9.3.1/../../../../arm-none-eabi/lib/thumb/v7e-m+fp/hard\libc_nano.a(lib_a-findfp.o)
                0x000000000800b23c                __sf_fake_stdout
                0x000000000800b25c                . = ALIGN (0x4)

.ARM.extab      0x000000000800b25c        0x0
                0x000000000800b25c                . = ALIGN (0x4)
 *(.ARM.extab* .gnu.linkonce.armextab.*)
                0x000000000800b25c                . = ALIGN (0x4)

.ARM            0x000000000800b25c        0x8
                0x000000000800b25c                . = ALIGN (0x4)
                0x000000000800b25c                __exidx_start = .
 *(.ARM.exidx*)
 .ARM.exidx     0x000000000800b25c        0x8 c:/st/stm32cubeide_1.7.0/stm32cubeide/plugins/com.st.stm32cube.ide.mcu.externaltools.gnu-tools-for-stm32.9-2020-q2-update.win32_2.0.0.202105311346/tools/bin/../lib/gcc/arm-none-eabi/9.3.1/thumb/v7e-m+fp/hard\libgcc.a(_udivmoddi4.o)
                0x000000000800b264                __exidx_end = .
                0x000000000800b264                . = ALIGN (0x4)

.preinit_array  0x000000000800b264        0x0
                0x000000000800b264                . = ALIGN (0x4)
                0x000000000800b264                PROVIDE (__preinit_array_start = .)
 *(.preinit_array*)
                0x000000000800b264                PROVIDE (__preinit_array_end = .)
                0x000000000800b264                . = ALIGN (0x4)

.init_array     0x000000000800b264        0x4
                0x000000000800b264                . = ALIGN (0x4)
                0x000000000800b264                PROVIDE (__init_array_start = .)
 *(SORT_BY_NAME(.init_array.*))
 *(.init_array*)
 .init_array    0x000000000800b264        0x4 c:/st/stm32cubeide_1.7.0/stm32cubeide/plugins/com.st.stm32cube.ide.mcu.externaltools.gnu-tools-for-stm32.9-2020-q2-update.win32_2.0.0.202105311346/tools/bin/../lib/gcc/arm-none-eabi/9.3.1/thumb/v7e-m+fp/hard/crtbegin.o
                0x000000000800b268                PROVIDE (__init_array_end = .)
                0x000000000800b268                . = ALIGN (0x4)

.fini_array     0x000000000800b268        0x4
                0x000000000800b268                . = ALIGN (0x4)
                [!provide]                        PROVIDE (__fini_array_start = .)
 *(SORT_BY_NAME(.fini_array.*))
 *(.fini_array*)
 .fini_array    0x000000000800b268        0x4 c:/st/stm32cubeide_1.7.0/stm32cubeide/plugins/com.st.stm32cube.ide.mcu.externaltools.gnu-tools-for-stm32.9-2020-q2-update.win32_2.0.0.202105311346/tools/bin/../lib/gcc/arm-none-eabi/9.3.1/thumb/v7e-m+fp/hard/crtbegin.o
                [!provide]                        PROVIDE (__fini_array_end = .)
                0x000000000800b26c                . = ALIGN (0x4)
                0x000000000800b26c                _sidata = LOADADDR (.data)

.data           0x0000000020000000       0xb8 load address 0x000000000800b26c
                0x0000000020000000                . = ALIGN (0x4)
                0x0000000020000000                _sdata = .
 *(.data)
 *(.data*)
 .data.Key      0x0000000020000000       0x20 ./Core/Inc/Shared_Libraries/aes.o
                0x0000000020000000                Key
 .data.Nk       0x0000000020000020        0x4 ./Core/Inc/Shared_Libraries/aes.o
                0x0000000020000020                Nk
 .data.Nr       0x0000000020000024        0x4 ./Core/Inc/Shared_Libraries/aes.o
                0x0000000020000024                Nr
 .data.SystemCoreClock
                0x0000000020000028        0x4 ./Core/Src/system_stm32l4xx.o
                0x0000000020000028                SystemCoreClock
 .data.uwTickPrio
                0x000000002000002c        0x4 ./Drivers/STM32L4xx_HAL_Driver/Src/stm32l4xx_hal.o
                0x000000002000002c                uwTickPrio
 .data.uwTickFreq
                0x0000000020000030        0x1 ./Drivers/STM32L4xx_HAL_Driver/Src/stm32l4xx_hal.o
                0x0000000020000030                uwTickFreq
 *fill*         0x0000000020000031        0x3 
 .data.pFlash   0x0000000020000034       0x20 ./Drivers/STM32L4xx_HAL_Driver/Src/stm32l4xx_hal_flash.o
                0x0000000020000034                pFlash
 .data._impure_ptr
                0x0000000020000054        0x4 c:/st/stm32cubeide_1.7.0/stm32cubeide/plugins/com.st.stm32cube.ide.mcu.externaltools.gnu-tools-for-stm32.9-2020-q2-update.win32_2.0.0.202105311346/tools/bin/../lib/gcc/arm-none-eabi/9.3.1/../../../../arm-none-eabi/lib/thumb/v7e-m+fp/hard\libc_nano.a(lib_a-impure.o)
                0x0000000020000054                _impure_ptr
 .data.impure_data
                0x0000000020000058       0x60 c:/st/stm32cubeide_1.7.0/stm32cubeide/plugins/com.st.stm32cube.ide.mcu.externaltools.gnu-tools-for-stm32.9-2020-q2-update.win32_2.0.0.202105311346/tools/bin/../lib/gcc/arm-none-eabi/9.3.1/../../../../arm-none-eabi/lib/thumb/v7e-m+fp/hard\libc_nano.a(lib_a-impure.o)
 *(.RamFunc)
 *(.RamFunc*)
                0x00000000200000b8                . = ALIGN (0x4)
                0x00000000200000b8                _edata = .

.igot.plt       0x00000000200000b8        0x0 load address 0x000000000800b324
 .igot.plt      0x00000000200000b8        0x0 c:/st/stm32cubeide_1.7.0/stm32cubeide/plugins/com.st.stm32cube.ide.mcu.externaltools.gnu-tools-for-stm32.9-2020-q2-update.win32_2.0.0.202105311346/tools/bin/../lib/gcc/arm-none-eabi/9.3.1/thumb/v7e-m+fp/hard/crtbegin.o
                0x00000000200000b8                . = ALIGN (0x4)

.bss            0x00000000200000b8     0x2104 load address 0x000000000800b324
                0x00000000200000b8                _sbss = .
                0x00000000200000b8                __bss_start__ = _sbss
 *(.bss)
 .bss           0x00000000200000b8       0x1c c:/st/stm32cubeide_1.7.0/stm32cubeide/plugins/com.st.stm32cube.ide.mcu.externaltools.gnu-tools-for-stm32.9-2020-q2-update.win32_2.0.0.202105311346/tools/bin/../lib/gcc/arm-none-eabi/9.3.1/thumb/v7e-m+fp/hard/crtbegin.o
 *(.bss*)
 .bss.transmission
                0x00000000200000d4        0x1 ./Core/Inc/Shared_Libraries/SX1278.o
                0x00000000200000d4                transmission
 .bss.lora_int_stat
                0x00000000200000d5        0x1 ./Core/Inc/Shared_Libraries/SX1278.o
                0x00000000200000d5                lora_int_stat
 .bss.conv_mode
                0x00000000200000d6        0x1 ./Core/Inc/Shared_Libraries/SX1278.o
                0x00000000200000d6                conv_mode
 *fill*         0x00000000200000d7        0x1 
 .bss._acUpBuffer
                0x00000000200000d8      0x200 ./Core/Src/RTT/SEGGER_RTT.o
 .bss._acDownBuffer
                0x00000000200002d8       0x10 ./Core/Src/RTT/SEGGER_RTT.o
 .bss.EraseInitStruct
                0x00000000200002e8       0x10 ./Core/Src/flash.o
 .bss.Address   0x00000000200002f8        0x4 ./Core/Src/flash.o
                0x00000000200002f8                Address
 .bss.PAGEError
                0x00000000200002fc        0x4 ./Core/Src/flash.o
                0x00000000200002fc                PAGEError
 .bss.systick_count
                0x0000000020000300        0x4 ./Core/Src/main.o
                0x0000000020000300                systick_count
 .bss.flags     0x0000000020000304        0x4 ./Core/Src/main.o
                0x0000000020000304                flags
 .bss.transceiver
                0x0000000020000308        0x1 ./Core/Src/main.o
                0x0000000020000308                transceiver
 *fill*         0x0000000020000309        0x3 
 .bss.crypdedRx
                0x000000002000030c        0x4 ./Core/Src/main.o
                0x000000002000030c                crypdedRx
 .bss.__sbrk_heap_end
                0x0000000020000310        0x4 ./Core/Src/sysmem.o
 .bss.UARTCount0
                0x0000000020000314        0x4 ./Core/Src/usart.o
                0x0000000020000314                UARTCount0
 .bss.UARTCount1
                0x0000000020000318        0x4 ./Core/Src/usart.o
                0x0000000020000318                UARTCount1
 .bss.__malloc_free_list
                0x000000002000031c        0x4 c:/st/stm32cubeide_1.7.0/stm32cubeide/plugins/com.st.stm32cube.ide.mcu.externaltools.gnu-tools-for-stm32.9-2020-q2-update.win32_2.0.0.202105311346/tools/bin/../lib/gcc/arm-none-eabi/9.3.1/../../../../arm-none-eabi/lib/thumb/v7e-m+fp/hard\libc_nano.a(lib_a-nano-mallocr.o)
                0x000000002000031c                __malloc_free_list
 .bss.__malloc_sbrk_start
                0x0000000020000320        0x4 c:/st/stm32cubeide_1.7.0/stm32cubeide/plugins/com.st.stm32cube.ide.mcu.externaltools.gnu-tools-for-stm32.9-2020-q2-update.win32_2.0.0.202105311346/tools/bin/../lib/gcc/arm-none-eabi/9.3.1/../../../../arm-none-eabi/lib/thumb/v7e-m+fp/hard\libc_nano.a(lib_a-nano-mallocr.o)
                0x0000000020000320                __malloc_sbrk_start
 *(COMMON)
 COMMON         0x0000000020000324      0x91b ./Core/Inc/Shared_Libraries/SX1278.o
                0x0000000020000324                module
                0x0000000020000434                LoRa_id
                0x0000000020000438                LoRa_route
                0x0000000020000816                LoRa_bindMode_slave
                0x0000000020000817                LoRa_channel_received
                0x0000000020000818                tx_settings_buffer
                0x0000000020000918                OriginalSettings
                0x0000000020000a28                original
                0x0000000020000b38                rxBufferCopy
                0x0000000020000c37                checkRouting
                0x0000000020000c38                BindPacket
 *fill*         0x0000000020000c3f        0x1 
 COMMON         0x0000000020000c40      0x120 ./Core/Inc/Shared_Libraries/aes.o
                0x0000000020000c40                in
                0x0000000020000c50                RoundKey
                0x0000000020000d40                out
                0x0000000020000d50                state
 COMMON         0x0000000020000d60       0x78 ./Core/Src/RTT/SEGGER_RTT.o
                0x0000000020000d60                _SEGGER_RTT
 COMMON         0x0000000020000dd8      0x864 ./Core/Src/flash.o
                0x0000000020000dd8                writeBuffer
                0x0000000020000ed8                sizeFirst
                0x0000000020000edc                Address_old
                0x0000000020000ee0                command
                0x0000000020000ef4                addressToWrite
                0x0000000020000ef8                flash_backup
                0x0000000020001218                flashError
                0x000000002000121c                result
                0x0000000020001230                sizeWrite
                0x0000000020001234                FlashWriteCounter
                0x0000000020001238                sys_vars
                0x0000000020001638                crc_flash
 COMMON         0x000000002000163c       0x18 ./Core/Src/gpio.o
                0x000000002000163c                LEDStates
                0x0000000020001640                LEDTimeouts
                0x0000000020001650                LEDStates_old
 COMMON         0x0000000020001654      0x38c ./Core/Src/main.o
                0x0000000020001654                tick_1s
                0x0000000020001658                goref_Nday_cnt_A
                0x000000002000165c                transceiver_saved
                0x0000000020001660                tx_packet_length
                0x0000000020001664                rs485_forward_enabled
                0x0000000020001665                tx_buffered_flag
                0x0000000020001668                read_int_buf
                0x0000000020001678                number_TX_bytes
                0x000000002000167c                err_positionB
                0x0000000020001680                modbus_timeout
                0x0000000020001684                crc_calc
                0x0000000020001688                tx_settings_flag
                0x000000002000168c                wait_appl_cnt
                0x0000000020001690                modbus_indicator
                0x0000000020001694                modbus_timeout_delay
                0x0000000020001698                tracker_status2
                0x000000002000169c                timeout_counter
                0x00000000200016a0                err_currentB
                0x00000000200016a4                err_voltageA
                0x00000000200016a8                SPI_RxFifo_cmplt
                0x00000000200016ac                systick_ms
                0x00000000200016b0                modbus_cnt2
                0x00000000200016b4                m_ack_state
                0x00000000200016b8                counter10s
                0x00000000200016bc                goref_Nday_cnt_B
                0x00000000200016c0                button_timeout
                0x00000000200016c4                tracker_exstatus2
                0x00000000200016c8                SPI_TxFifo_cmplt
                0x00000000200016cc                err_positionA
                0x00000000200016d0                f_flash_pointer
                0x00000000200016d4                BufferDesc
                0x00000000200016e8                modbus_cnt1
                0x00000000200016ec                tracker_status
                0x00000000200016f0                slave_addr
                0x00000000200016f4                tracker_exstatus
                0x00000000200016f8                acBuffer
                0x0000000020001738                modbus_cnt
                0x000000002000173c                online_timeouts
                0x0000000020001888                reset_status
                0x000000002000188c                upgrExe_gl
                0x0000000020001890                backup_timeout
                0x0000000020001894                crc_errors
                0x0000000020001898                set_settings_flag
                0x000000002000189c                tick_1ms_cnt
                0x00000000200018a0                SN
                0x00000000200018b0                green_led
                0x00000000200018b4                i_flash_pointer
                0x00000000200018b8                events
                0x00000000200018bc                OverUnderVoltageFlagClearTimer
                0x00000000200018c0                tx_setting_route
                0x00000000200018c4                available_positioners
                0x00000000200018d8                tx_packet_buffer
                0x00000000200019d8                err_currentA
                0x00000000200019dc                err_voltageB
 COMMON         0x00000000200019e0      0x2f4 ./Core/Src/spi.o
                0x00000000200019e0                ReadTxBuffer
                0x0000000020001ae0                hspi3
                0x0000000020001b44                hdma_spi3_tx
                0x0000000020001b8c                TxBuffer
                0x0000000020001c8c                hdma_spi3_rx
 COMMON         0x0000000020001cd4      0x4d4 ./Core/Src/usart.o
                0x0000000020001cd4                uartMode
                0x0000000020001cd8                UARTtxCount2
                0x0000000020001cdc                hdma_usart2_rx
                0x0000000020001d24                rxTimeout1
                0x0000000020001d28                BufferTXPtr0
                0x0000000020001d2c                UARTBuffer2
                0x0000000020001e2c                huart3
                0x0000000020001eb0                ModbusState1
                0x0000000020001eb4                hdma_usart485_rx
                0x0000000020001eb8                UARTBuffer0
                0x0000000020001fb8                UARTtxCount1
                0x0000000020001fbc                rxTimeout2
                0x0000000020001fc0                rxTimeout0
                0x0000000020001fc4                hdma_usart2_tx
                0x000000002000200c                BufferTXPtr1
                0x0000000020002010                huart485
                0x0000000020002014                UARTtxCount0
                0x0000000020002018                ModbusState0
                0x000000002000201c                huart2
                0x00000000200020a0                BufferTXPtr2
                0x00000000200020a4                hdma_usart485_tx
                0x00000000200020a8                UARTBuffer1
                0x00000000200021a7                ModbusState2
 COMMON         0x00000000200021a8        0x4 ./Drivers/STM32L4xx_HAL_Driver/Src/stm32l4xx_hal.o
                0x00000000200021a8                uwTick
 COMMON         0x00000000200021ac        0x9 c:/st/stm32cubeide_1.7.0/stm32cubeide/plugins/com.st.stm32cube.ide.mcu.externaltools.gnu-tools-for-stm32.9-2020-q2-update.win32_2.0.0.202105311346/tools/bin/../lib/gcc/arm-none-eabi/9.3.1/../../../../arm-none-eabi/lib/thumb/v7e-m+fp/hard\libc_nano.a(lib_a-lock.o)
                0x00000000200021ac                __lock___atexit_recursive_mutex
                0x00000000200021ad                __lock___arc4random_mutex
                0x00000000200021ae                __lock___env_recursive_mutex
                0x00000000200021af                __lock___sinit_recursive_mutex
                0x00000000200021b0                __lock___malloc_recursive_mutex
                0x00000000200021b1                __lock___at_quick_exit_mutex
                0x00000000200021b2                __lock___dd_hash_mutex
                0x00000000200021b3                __lock___tz_mutex
                0x00000000200021b4                __lock___sfp_recursive_mutex
 *fill*         0x00000000200021b5        0x3 
 COMMON         0x00000000200021b8        0x4 c:/st/stm32cubeide_1.7.0/stm32cubeide/plugins/com.st.stm32cube.ide.mcu.externaltools.gnu-tools-for-stm32.9-2020-q2-update.win32_2.0.0.202105311346/tools/bin/../lib/gcc/arm-none-eabi/9.3.1/../../../../arm-none-eabi/lib/thumb/v7e-m+fp/hard\libc_nano.a(lib_a-reent.o)
                0x00000000200021b8                errno
                0x00000000200021bc                . = ALIGN (0x4)
                0x00000000200021bc                _ebss = .
                0x00000000200021bc                __bss_end__ = _ebss

._user_heap_stack
                0x00000000200021bc      0xc04 load address 0x000000000800b324
                0x00000000200021c0                . = ALIGN (0x8)
 *fill*         0x00000000200021bc        0x4 
                [!provide]                        PROVIDE (end = .)
                0x00000000200021c0                PROVIDE (_end = .)
                0x00000000200025c0                . = (. + _Min_Heap_Size)
 *fill*         0x00000000200021c0      0x400 
                0x0000000020002dc0                . = (. + _Min_Stack_Size)
 *fill*         0x00000000200025c0      0x800 
                0x0000000020002dc0                . = ALIGN (0x8)

.appver         0x000000000801ef00      0x100
 *(.sysdata)
 .sysdata       0x000000000801ef00      0x100 ./Core/Src/main.o
                0x000000000801ef00                sys_defs

.rel.dyn        0x000000000801f000        0x0
 .rel.iplt      0x000000000801f000        0x0 c:/st/stm32cubeide_1.7.0/stm32cubeide/plugins/com.st.stm32cube.ide.mcu.externaltools.gnu-tools-for-stm32.9-2020-q2-update.win32_2.0.0.202105311346/tools/bin/../lib/gcc/arm-none-eabi/9.3.1/thumb/v7e-m+fp/hard/crtbegin.o

/DISCARD/
 libc.a(*)
 libm.a(*)
 libgcc.a(*)

.ARM.attributes
                0x0000000000000000       0x30
 *(.ARM.attributes)
 .ARM.attributes
                0x0000000000000000       0x1e c:/st/stm32cubeide_1.7.0/stm32cubeide/plugins/com.st.stm32cube.ide.mcu.externaltools.gnu-tools-for-stm32.9-2020-q2-update.win32_2.0.0.202105311346/tools/bin/../lib/gcc/arm-none-eabi/9.3.1/thumb/v7e-m+fp/hard/crti.o
 .ARM.attributes
                0x000000000000001e       0x34 c:/st/stm32cubeide_1.7.0/stm32cubeide/plugins/com.st.stm32cube.ide.mcu.externaltools.gnu-tools-for-stm32.9-2020-q2-update.win32_2.0.0.202105311346/tools/bin/../lib/gcc/arm-none-eabi/9.3.1/thumb/v7e-m+fp/hard/crtbegin.o
 .ARM.attributes
                0x0000000000000052       0x34 ./Core/Inc/Shared_Libraries/SX1278.o
 .ARM.attributes
                0x0000000000000086       0x34 ./Core/Inc/Shared_Libraries/aes.o
 .ARM.attributes
                0x00000000000000ba       0x34 ./Core/Src/RTT/SEGGER_RTT.o
 .ARM.attributes
                0x00000000000000ee       0x34 ./Core/Src/RTT/SEGGER_RTT_Syscalls_GCC.o
 .ARM.attributes
                0x0000000000000122       0x34 ./Core/Src/RTT/SEGGER_RTT_printf.o
 .ARM.attributes
                0x0000000000000156       0x34 ./Core/Src/dma.o
 .ARM.attributes
                0x000000000000018a       0x34 ./Core/Src/flash.o
 .ARM.attributes
                0x00000000000001be       0x34 ./Core/Src/gpio.o
 .ARM.attributes
                0x00000000000001f2       0x34 ./Core/Src/main.o
 .ARM.attributes
                0x0000000000000226       0x34 ./Core/Src/spi.o
 .ARM.attributes
                0x000000000000025a       0x34 ./Core/Src/stm32l4xx_hal_msp.o
 .ARM.attributes
                0x000000000000028e       0x34 ./Core/Src/stm32l4xx_it.o
 .ARM.attributes
                0x00000000000002c2       0x34 ./Core/Src/syscalls.o
 .ARM.attributes
                0x00000000000002f6       0x34 ./Core/Src/sysmem.o
 .ARM.attributes
                0x000000000000032a       0x34 ./Core/Src/system_stm32l4xx.o
 .ARM.attributes
                0x000000000000035e       0x34 ./Core/Src/usart.o
 .ARM.attributes
                0x0000000000000392       0x21 ./Core/Startup/startup_stm32l452retx.o
 .ARM.attributes
                0x00000000000003b3       0x34 ./Drivers/STM32L4xx_HAL_Driver/Src/stm32l4xx_hal.o
 .ARM.attributes
                0x00000000000003e7       0x34 ./Drivers/STM32L4xx_HAL_Driver/Src/stm32l4xx_hal_cortex.o
 .ARM.attributes
                0x000000000000041b       0x34 ./Drivers/STM32L4xx_HAL_Driver/Src/stm32l4xx_hal_dma.o
 .ARM.attributes
                0x000000000000044f       0x34 ./Drivers/STM32L4xx_HAL_Driver/Src/stm32l4xx_hal_flash.o
 .ARM.attributes
                0x0000000000000483       0x34 ./Drivers/STM32L4xx_HAL_Driver/Src/stm32l4xx_hal_flash_ex.o
 .ARM.attributes
                0x00000000000004b7       0x34 ./Drivers/STM32L4xx_HAL_Driver/Src/stm32l4xx_hal_gpio.o
 .ARM.attributes
                0x00000000000004eb       0x34 ./Drivers/STM32L4xx_HAL_Driver/Src/stm32l4xx_hal_pwr.o
 .ARM.attributes
                0x000000000000051f       0x34 ./Drivers/STM32L4xx_HAL_Driver/Src/stm32l4xx_hal_pwr_ex.o
 .ARM.attributes
                0x0000000000000553       0x34 ./Drivers/STM32L4xx_HAL_Driver/Src/stm32l4xx_hal_rcc.o
 .ARM.attributes
                0x0000000000000587       0x34 ./Drivers/STM32L4xx_HAL_Driver/Src/stm32l4xx_hal_rcc_ex.o
 .ARM.attributes
                0x00000000000005bb       0x34 ./Drivers/STM32L4xx_HAL_Driver/Src/stm32l4xx_hal_spi.o
 .ARM.attributes
                0x00000000000005ef       0x34 ./Drivers/STM32L4xx_HAL_Driver/Src/stm32l4xx_hal_uart.o
 .ARM.attributes
                0x0000000000000623       0x34 ./Drivers/STM32L4xx_HAL_Driver/Src/stm32l4xx_hal_uart_ex.o
 .ARM.attributes
                0x0000000000000657       0x34 c:/st/stm32cubeide_1.7.0/stm32cubeide/plugins/com.st.stm32cube.ide.mcu.externaltools.gnu-tools-for-stm32.9-2020-q2-update.win32_2.0.0.202105311346/tools/bin/../lib/gcc/arm-none-eabi/9.3.1/../../../../arm-none-eabi/lib/thumb/v7e-m+fp/hard\libc_nano.a(lib_a-errno.o)
 .ARM.attributes
                0x000000000000068b       0x32 c:/st/stm32cubeide_1.7.0/stm32cubeide/plugins/com.st.stm32cube.ide.mcu.externaltools.gnu-tools-for-stm32.9-2020-q2-update.win32_2.0.0.202105311346/tools/bin/../lib/gcc/arm-none-eabi/9.3.1/../../../../arm-none-eabi/lib/thumb/v7e-m+fp/hard\libc_nano.a(lib_a-impure.o)
 .ARM.attributes
                0x00000000000006bd       0x34 c:/st/stm32cubeide_1.7.0/stm32cubeide/plugins/com.st.stm32cube.ide.mcu.externaltools.gnu-tools-for-stm32.9-2020-q2-update.win32_2.0.0.202105311346/tools/bin/../lib/gcc/arm-none-eabi/9.3.1/../../../../arm-none-eabi/lib/thumb/v7e-m+fp/hard\libc_nano.a(lib_a-init.o)
 .ARM.attributes
                0x00000000000006f1       0x34 c:/st/stm32cubeide_1.7.0/stm32cubeide/plugins/com.st.stm32cube.ide.mcu.externaltools.gnu-tools-for-stm32.9-2020-q2-update.win32_2.0.0.202105311346/tools/bin/../lib/gcc/arm-none-eabi/9.3.1/../../../../arm-none-eabi/lib/thumb/v7e-m+fp/hard\libc_nano.a(lib_a-memcmp.o)
 .ARM.attributes
                0x0000000000000725       0x34 c:/st/stm32cubeide_1.7.0/stm32cubeide/plugins/com.st.stm32cube.ide.mcu.externaltools.gnu-tools-for-stm32.9-2020-q2-update.win32_2.0.0.202105311346/tools/bin/../lib/gcc/arm-none-eabi/9.3.1/../../../../arm-none-eabi/lib/thumb/v7e-m+fp/hard\libc_nano.a(lib_a-memcpy-stub.o)
 .ARM.attributes
                0x0000000000000759       0x34 c:/st/stm32cubeide_1.7.0/stm32cubeide/plugins/com.st.stm32cube.ide.mcu.externaltools.gnu-tools-for-stm32.9-2020-q2-update.win32_2.0.0.202105311346/tools/bin/../lib/gcc/arm-none-eabi/9.3.1/../../../../arm-none-eabi/lib/thumb/v7e-m+fp/hard\libc_nano.a(lib_a-memset.o)
 .ARM.attributes
                0x000000000000078d       0x34 c:/st/stm32cubeide_1.7.0/stm32cubeide/plugins/com.st.stm32cube.ide.mcu.externaltools.gnu-tools-for-stm32.9-2020-q2-update.win32_2.0.0.202105311346/tools/bin/../lib/gcc/arm-none-eabi/9.3.1/../../../../arm-none-eabi/lib/thumb/v7e-m+fp/hard\libc_nano.a(lib_a-puts.o)
 .ARM.attributes
                0x00000000000007c1       0x34 c:/st/stm32cubeide_1.7.0/stm32cubeide/plugins/com.st.stm32cube.ide.mcu.externaltools.gnu-tools-for-stm32.9-2020-q2-update.win32_2.0.0.202105311346/tools/bin/../lib/gcc/arm-none-eabi/9.3.1/../../../../arm-none-eabi/lib/thumb/v7e-m+fp/hard\libc_nano.a(lib_a-wbuf.o)
 .ARM.attributes
                0x00000000000007f5       0x34 c:/st/stm32cubeide_1.7.0/stm32cubeide/plugins/com.st.stm32cube.ide.mcu.externaltools.gnu-tools-for-stm32.9-2020-q2-update.win32_2.0.0.202105311346/tools/bin/../lib/gcc/arm-none-eabi/9.3.1/../../../../arm-none-eabi/lib/thumb/v7e-m+fp/hard\libc_nano.a(lib_a-wsetup.o)
 .ARM.attributes
                0x0000000000000829       0x34 c:/st/stm32cubeide_1.7.0/stm32cubeide/plugins/com.st.stm32cube.ide.mcu.externaltools.gnu-tools-for-stm32.9-2020-q2-update.win32_2.0.0.202105311346/tools/bin/../lib/gcc/arm-none-eabi/9.3.1/../../../../arm-none-eabi/lib/thumb/v7e-m+fp/hard\libc_nano.a(lib_a-fflush.o)
 .ARM.attributes
                0x000000000000085d       0x34 c:/st/stm32cubeide_1.7.0/stm32cubeide/plugins/com.st.stm32cube.ide.mcu.externaltools.gnu-tools-for-stm32.9-2020-q2-update.win32_2.0.0.202105311346/tools/bin/../lib/gcc/arm-none-eabi/9.3.1/../../../../arm-none-eabi/lib/thumb/v7e-m+fp/hard\libc_nano.a(lib_a-findfp.o)
 .ARM.attributes
                0x0000000000000891       0x34 c:/st/stm32cubeide_1.7.0/stm32cubeide/plugins/com.st.stm32cube.ide.mcu.externaltools.gnu-tools-for-stm32.9-2020-q2-update.win32_2.0.0.202105311346/tools/bin/../lib/gcc/arm-none-eabi/9.3.1/../../../../arm-none-eabi/lib/thumb/v7e-m+fp/hard\libc_nano.a(lib_a-fwalk.o)
 .ARM.attributes
                0x00000000000008c5       0x34 c:/st/stm32cubeide_1.7.0/stm32cubeide/plugins/com.st.stm32cube.ide.mcu.externaltools.gnu-tools-for-stm32.9-2020-q2-update.win32_2.0.0.202105311346/tools/bin/../lib/gcc/arm-none-eabi/9.3.1/../../../../arm-none-eabi/lib/thumb/v7e-m+fp/hard\libc_nano.a(lib_a-lock.o)
 .ARM.attributes
                0x00000000000008f9       0x34 c:/st/stm32cubeide_1.7.0/stm32cubeide/plugins/com.st.stm32cube.ide.mcu.externaltools.gnu-tools-for-stm32.9-2020-q2-update.win32_2.0.0.202105311346/tools/bin/../lib/gcc/arm-none-eabi/9.3.1/../../../../arm-none-eabi/lib/thumb/v7e-m+fp/hard\libc_nano.a(lib_a-makebuf.o)
 .ARM.attributes
                0x000000000000092d       0x34 c:/st/stm32cubeide_1.7.0/stm32cubeide/plugins/com.st.stm32cube.ide.mcu.externaltools.gnu-tools-for-stm32.9-2020-q2-update.win32_2.0.0.202105311346/tools/bin/../lib/gcc/arm-none-eabi/9.3.1/../../../../arm-none-eabi/lib/thumb/v7e-m+fp/hard\libc_nano.a(lib_a-nano-freer.o)
 .ARM.attributes
                0x0000000000000961       0x34 c:/st/stm32cubeide_1.7.0/stm32cubeide/plugins/com.st.stm32cube.ide.mcu.externaltools.gnu-tools-for-stm32.9-2020-q2-update.win32_2.0.0.202105311346/tools/bin/../lib/gcc/arm-none-eabi/9.3.1/../../../../arm-none-eabi/lib/thumb/v7e-m+fp/hard\libc_nano.a(lib_a-nano-mallocr.o)
 .ARM.attributes
                0x0000000000000995       0x34 c:/st/stm32cubeide_1.7.0/stm32cubeide/plugins/com.st.stm32cube.ide.mcu.externaltools.gnu-tools-for-stm32.9-2020-q2-update.win32_2.0.0.202105311346/tools/bin/../lib/gcc/arm-none-eabi/9.3.1/../../../../arm-none-eabi/lib/thumb/v7e-m+fp/hard\libc_nano.a(lib_a-sbrkr.o)
 .ARM.attributes
                0x00000000000009c9       0x34 c:/st/stm32cubeide_1.7.0/stm32cubeide/plugins/com.st.stm32cube.ide.mcu.externaltools.gnu-tools-for-stm32.9-2020-q2-update.win32_2.0.0.202105311346/tools/bin/../lib/gcc/arm-none-eabi/9.3.1/../../../../arm-none-eabi/lib/thumb/v7e-m+fp/hard\libc_nano.a(lib_a-stdio.o)
 .ARM.attributes
                0x00000000000009fd       0x34 c:/st/stm32cubeide_1.7.0/stm32cubeide/plugins/com.st.stm32cube.ide.mcu.externaltools.gnu-tools-for-stm32.9-2020-q2-update.win32_2.0.0.202105311346/tools/bin/../lib/gcc/arm-none-eabi/9.3.1/../../../../arm-none-eabi/lib/thumb/v7e-m+fp/hard\libc_nano.a(lib_a-closer.o)
 .ARM.attributes
                0x0000000000000a31       0x34 c:/st/stm32cubeide_1.7.0/stm32cubeide/plugins/com.st.stm32cube.ide.mcu.externaltools.gnu-tools-for-stm32.9-2020-q2-update.win32_2.0.0.202105311346/tools/bin/../lib/gcc/arm-none-eabi/9.3.1/../../../../arm-none-eabi/lib/thumb/v7e-m+fp/hard\libc_nano.a(lib_a-fstatr.o)
 .ARM.attributes