core_cm4.h:1679:22:__NVIC_EnableIRQ	16	static,ignoring_inline_asm
core_cm4.h:1717:22:__NVIC_DisableIRQ	16	static,ignoring_inline_asm
spi.c:27:6:LoRa_Interrupt	16	static
spi.c:41:6:MX_SPI3_Init	8	static
spi.c:75:6:HAL_SPI_MspInit	48	static
spi.c:144:6:HAL_SPI_MspDeInit	16	static
spi.c:174:6:LoRa_SPIWrite	24	static
spi.c:189:6:LoRa_SPIRead	24	static
spi.c:205:6:HAL_SPI_TxCpltCallback	16	static
spi.c:212:6:HAL_SPI_TxRxCpltCallback	16	static
spi.c:219:6:HAL_SPI_ErrorCallback	16	static
spi.c:225:6:LoRa_reset	8	static
spi.c:232:6:spi_rx_fifo_clear	4	static
