usart.c:63:6:MX_USART2_UART_Init	8	static
usart.c:116:6:MX_USART3_UART_Init	8	static
usart.c:146:6:HAL_UART_MspInit	160	static
usart.c:276:6:HAL_UART_MspDeInit	16	static
usart.c:330:6:HAL_UART_TxHalfCpltCallback	16	static
usart.c:336:6:HAL_UART_RxCpltCallback	24	static
usart.c:355:6:HAL_UART_ErrorCallback	16	static
usart.c:362:6:UARTSend	16	static
usart.c:370:6:UART1Send	16	static
usart.c:375:5:modbus_newRequest	4	static
usart.c:384:5:modbus_newRequest1	4	static
usart.c:389:5:modbus_newRequest2	4	static
usart.c:395:5:modbus_discard	4	static
usart.c:405:5:modbus_discard1	4	static
usart.c:411:5:modbus_discard2	4	static
usart.c:416:6:modbus_ReqProcessed	4	static
usart.c:430:6:reEnable_485_DMA_RX	8	static
usart.c:445:6:UART_ChangeBaudRate	16	static
usart.c:459:6:modbus_ReqProcessed1	4	static
usart.c:465:6:modbus_ReqProcessed2	4	static
usart.c:472:6:UART0ClearStatus	4	static
usart.c:477:6:UART1ClearStatus	4	static
usart.c:483:6:UART2ClearStatus	4	static
